Component: Arm Compiler for Embedded 6.23 Tool: armlink [5f102400]

==============================================================================

Section Cross References

    adc.o(.ARM.exidx.text.ADC_Init) refers to adc.o(.text.ADC_Init) for [Anonymous Symbol]
    adc.o(.ARM.exidx.text.read_adc) refers to adc.o(.text.read_adc) for [Anonymous Symbol]
    leds.o(.ARM.exidx.text.init_led) refers to leds.o(.text.init_led) for [Anonymous Symbol]
    main.o(.ARM.exidx.text.average) refers to main.o(.text.average) for [Anonymous Symbol]
    main.o(.text.main) refers to pll config stmf3.o(.text.PLL_Config) for PLL_Config
    main.o(.text.main) refers to system_stm32f3xx.o(.text.SystemCoreClockUpdate) for SystemCoreClockUpdate
    main.o(.text.main) refers to systick_delay.o(.text.SysTick_Init) for SysTick_Init
    main.o(.text.main) refers to usart.o(.text.init_usart) for init_usart
    main.o(.text.main) refers to adc.o(.text.ADC_Init) for ADC_Init
    main.o(.text.main) refers to leds.o(.text.init_led) for init_led
    main.o(.text.main) refers to pwm.o(.text.init_pwm) for init_pwm
    main.o(.text.main) refers to systick_delay.o(.text.delay_nms) for delay_nms
    main.o(.text.main) refers to adc.o(.text.read_adc) for read_adc
    main.o(.text.main) refers to main.o(.bss.sample_index) for sample_index
    main.o(.text.main) refers to main.o(.bss.Vin_samples) for Vin_samples
    main.o(.text.main) refers to main.o(.bss.Iin_samples) for Iin_samples
    main.o(.text.main) refers to main.o(.text.average) for average
    main.o(.text.main) refers to pwm.o(.text.output_pwm) for output_pwm
    main.o(.text.main) refers to f2d.o(x$fpl$f2d) for __aeabi_f2d
    main.o(.text.main) refers to main.o(.rodata.str1.1) for .L.str
    main.o(.text.main) refers to sprintf.o(.text) for sprintf
    main.o(.text.main) refers to usart.o(.text.print_terminal) for print_terminal
    main.o(.ARM.exidx.text.main) refers to main.o(.text.main) for [Anonymous Symbol]
    pll config stmf3.o(.ARM.exidx.text.PLL_Config) refers to pll config stmf3.o(.text.PLL_Config) for [Anonymous Symbol]
    usart.o(.text.init_usart) refers to usart.o(.rodata.str1.1) for .L.str
    usart.o(.text.init_usart) refers to usart.o(.text.print_terminal) for print_terminal
    usart.o(.ARM.exidx.text.init_usart) refers to usart.o(.text.init_usart) for [Anonymous Symbol]
    usart.o(.text.print_terminal) refers to strlen.o(.text) for strlen
    usart.o(.text.print_terminal) refers to usart.o(.text.send_usart) for send_usart
    usart.o(.ARM.exidx.text.print_terminal) refers to usart.o(.text.print_terminal) for [Anonymous Symbol]
    usart.o(.ARM.exidx.text.send_usart) refers to usart.o(.text.send_usart) for [Anonymous Symbol]
    systick_delay.o(.text.SysTick_Init) refers to system_stm32f3xx.o(.data.SystemCoreClock) for SystemCoreClock
    systick_delay.o(.text.SysTick_Init) refers to systick_delay.o(.text.SysTick_Config) for SysTick_Config
    systick_delay.o(.text.SysTick_Init) refers to systick_delay.o(.text.__NVIC_SetPriority) for __NVIC_SetPriority
    systick_delay.o(.ARM.exidx.text.SysTick_Init) refers to systick_delay.o(.text.SysTick_Init) for [Anonymous Symbol]
    systick_delay.o(.text.SysTick_Config) refers to systick_delay.o(.text.__NVIC_SetPriority) for __NVIC_SetPriority
    systick_delay.o(.ARM.exidx.text.SysTick_Config) refers to systick_delay.o(.text.SysTick_Config) for [Anonymous Symbol]
    systick_delay.o(.ARM.exidx.text.__NVIC_SetPriority) refers to systick_delay.o(.text.__NVIC_SetPriority) for [Anonymous Symbol]
    systick_delay.o(.text.delay_nms) refers to systick_delay.o(.bss.ms_counter) for ms_counter
    systick_delay.o(.ARM.exidx.text.delay_nms) refers to systick_delay.o(.text.delay_nms) for [Anonymous Symbol]
    systick_delay.o(.text.SysTick_Handler) refers to systick_delay.o(.bss.ms_counter) for ms_counter
    systick_delay.o(.ARM.exidx.text.SysTick_Handler) refers to systick_delay.o(.text.SysTick_Handler) for [Anonymous Symbol]
    pwm.o(.text.init_pwm) refers to system_stm32f3xx.o(.data.SystemCoreClock) for SystemCoreClock
    pwm.o(.text.init_pwm) refers to pwm.o(.bss.PWM_MAX) for PWM_MAX
    pwm.o(.ARM.exidx.text.init_pwm) refers to pwm.o(.text.init_pwm) for [Anonymous Symbol]
    pwm.o(.text.output_pwm) refers to pwm.o(.bss.PWM_MAX) for PWM_MAX
    pwm.o(.ARM.exidx.text.output_pwm) refers to pwm.o(.text.output_pwm) for [Anonymous Symbol]
    startup_stm32f303x8.o(STACK) refers (Special) to heapauxi.o(.text) for __use_two_region_memory
    startup_stm32f303x8.o(HEAP) refers (Special) to heapauxi.o(.text) for __use_two_region_memory
    startup_stm32f303x8.o(RESET) refers (Special) to heapauxi.o(.text) for __use_two_region_memory
    startup_stm32f303x8.o(RESET) refers to startup_stm32f303x8.o(STACK) for __initial_sp
    startup_stm32f303x8.o(RESET) refers to startup_stm32f303x8.o(.text) for Reset_Handler
    startup_stm32f303x8.o(RESET) refers to systick_delay.o(.text.SysTick_Handler) for SysTick_Handler
[...]
29 unused section(s) (total 160 bytes) removed from the image.

==============================================================================

Image Symbol Table

    Local Symbols

    Symbol Name                              Value     Ov Type        Size  Object(Section)

    ../clib/angel/boardlib.s                 0x00000000   Number         0  boardinit1.o ABSOLUTE
    ../clib/angel/boardlib.s                 0x00000000   Number         0  boardinit2.o ABSOLUTE
    ../clib/angel/boardlib.s                 0x00000000   Number         0  boardinit3.o ABSOLUTE
    ../clib/angel/boardlib.s                 0x00000000   Number         0  boardshut.o ABSOLUTE
    ../clib/angel/handlers.s                 0x00000000   Number         0  __scatter_copy.o ABSOLUTE
    ../clib/angel/handlers.s                 0x00000000   Number         0  __scatter_zi.o ABSOLUTE
    ../clib/angel/kernel.s                   0x00000000   Number         0  __rtentry.o ABSOLUTE
    ../clib/angel/kernel.s                   0x00000000   Number         0  __rtentry2.o ABSOLUTE
    ../clib/angel/kernel.s                   0x00000000   Number         0  __rtentry4.o ABSOLUTE
    ../clib/angel/kernel.s                   0x00000000   Number         0  rtexit.o ABSOLUTE
    ../clib/angel/kernel.s                   0x00000000   Number         0  rtexit2.o ABSOLUTE
    ../clib/angel/rt.s                       0x00000000   Number         0  rt_ctype_table.o ABSOLUTE
    ../clib/angel/rt.s                       0x00000000   Number         0  rt_locale.o ABSOLUTE
    ../clib/angel/rt.s                       0x00000000   Number         0  rt_locale_intlibspace.o ABSOLUTE
    ../clib/angel/rt.s                       0x00000000   Number         0  rt_raise.o ABSOLUTE
    ../clib/angel/scatter.s                  0x00000000   Number         0  __scatter.o ABSOLUTE
    ../clib/angel/startup.s                  0x00000000   Number         0  __main.o ABSOLUTE
    ../clib/angel/sys.s                      0x00000000   Number         0  sys_stackheap_outer.o ABSOLUTE
    ../clib/angel/sys.s                      0x00000000   Number         0  libspace.o ABSOLUTE
    ../clib/angel/sys.s                      0x00000000   Number         0  use_no_semi.o ABSOLUTE
    ../clib/angel/sys.s                      0x00000000   Number         0  indicate_semi.o ABSOLUTE
    ../clib/angel/sysapp.c                   0x00000000   Number         0  sys_exit.o ABSOLUTE
    ../clib/angel/sysapp.c                   0x00000000   Number         0  sys_exit_hlt.o ABSOLUTE
    ../clib/angel/sysapp.c                   0x00000000   Number         0  sys_command.o ABSOLUTE
    ../clib/angel/sysapp.c                   0x00000000   Number         0  sys_command_hlt.o ABSOLUTE
    ../clib/angel/sysapp.c                   0x00000000   Number         0  sys_wrch.o ABSOLUTE
    ../clib/angel/sysapp.c                   0x00000000   Number         0  sys_wrch_hlt.o ABSOLUTE
    ../clib/armsys.c                         0x00000000   Number         0  argv_veneer.o ABSOLUTE
    ../clib/armsys.c                         0x00000000   Number         0  argv_veneer.o ABSOLUTE
    ../clib/armsys.c                         0x00000000   Number         0  _get_argv_nomalloc.o ABSOLUTE
    ../clib/armsys.c                         0x00000000   Number         0  no_argv.o ABSOLUTE
    ../clib/bigflt.c                         0x00000000   Number         0  bigflt0.o ABSOLUTE
    ../clib/btod.s                           0x00000000   Number         0  btod.o ABSOLUTE
    ../clib/btod_accurate.c                  0x00000000   Number         0  btod_accurate.o ABSOLUTE
    ../clib/btod_accurate.c                  0x00000000   Number         0  btod_accurate_common.o ABSOLUTE
    ../clib/heapalloc.c                      0x00000000   Number         0  hrguard.o ABSOLUTE
    ../clib/heapaux.c                        0x00000000   Number         0  heapauxi.o ABSOLUTE
    ../clib/libinit.s                        0x00000000   Number         0  libinit.o ABSOLUTE
    ../clib/libinit.s                        0x00000000   Number         0  libinit2.o ABSOLUTE
    ../clib/libinit.s                        0x00000000   Number         0  libshutdown.o ABSOLUTE
    ../clib/libinit.s                        0x00000000   Number         0  libshutdown2.o ABSOLUTE
    ../clib/locale.c                         0x00000000   Number         0  _c16rtomb.o ABSOLUTE
    ../clib/locale.s                         0x00000000   Number         0  lc_numeric_c.o ABSOLUTE
    ../clib/locale.s                         0x00000000   Number         0  lc_ctype_c.o ABSOLUTE
    ../clib/longlong.s                       0x00000000   Number         0  lludiv10.o ABSOLUTE
    ../clib/longlong.s                       0x00000000   Number         0  llushr.o ABSOLUTE
    ../clib/memcpset.s                       0x00000000   Number         0  strcmpv7em.o ABSOLUTE
    ../clib/misc.s                           0x00000000   Number         0  printf_stubs.o ABSOLUTE
    ../clib/printf.c                         0x00000000   Number         0  sprintf.o ABSOLUTE
    ../clib/printf.c                         0x00000000   Number         0  __printf.o ABSOLUTE
    ../clib/printf.c                         0x00000000   Number         0  _printf_pad.o ABSOLUTE
    ../clib/printf.c                         0x00000000   Number         0  _printf_truncate.o ABSOLUTE
    ../clib/printf.c                         0x00000000   Number         0  _printf_str.o ABSOLUTE
    ../clib/printf.c                         0x00000000   Number         0  _printf_dec.o ABSOLUTE
    ../clib/printf.c                         0x00000000   Number         0  _printf_charcount.o ABSOLUTE
    ../clib/printf.c                         0x00000000   Number         0  _printf_char_common.o ABSOLUTE
    ../clib/printf.c                         0x00000000   Number         0  _sputc.o ABSOLUTE
    ../clib/printf.c                         0x00000000   Number         0  _printf_wctomb.o ABSOLUTE
    ../clib/printf.c                         0x00000000   Number         0  _printf_longlong_dec.o ABSOLUTE
    ../clib/printf.c                         0x00000000   Number         0  _printf_oct_ll.o ABSOLUTE
    ../clib/printf.c                         0x00000000   Number         0  _printf_oct_int.o ABSOLUTE
    ../clib/printf.c                         0x00000000   Number         0  _printf_oct_int_ll.o ABSOLUTE
    ../clib/printf.c                         0x00000000   Number         0  _printf_hex_ll.o ABSOLUTE
    ../clib/printf.c                         0x00000000   Number         0  _printf_hex_int.o ABSOLUTE
    ../clib/printf.c                         0x00000000   Number         0  _printf_hex_int_ll.o ABSOLUTE
    ../clib/printf.c                         0x00000000   Number         0  _printf_hex_ptr.o ABSOLUTE
    ../clib/printf.c                         0x00000000   Number         0  _printf_hex_int_ptr.o ABSOLUTE
    ../clib/printf.c                         0x00000000   Number         0  _printf_hex_ll_ptr.o ABSOLUTE
    ../clib/printf.c                         0x00000000   Number         0  _printf_hex_int_ll_ptr.o ABSOLUTE
    ../clib/printf.c                         0x00000000   Number         0  __printf_flags.o ABSOLUTE
    ../clib/printf.c                         0x00000000   Number         0  __printf_ss.o ABSOLUTE
    ../clib/printf.c                         0x00000000   Number         0  __printf_flags_ss.o ABSOLUTE
    ../clib/printf.c                         0x00000000   Number         0  __printf_wp.o ABSOLUTE
    ../clib/printf.c                         0x00000000   Number         0  __printf_flags_wp.o ABSOLUTE
    ../clib/printf.c                         0x00000000   Number         0  __printf_ss_wp.o ABSOLUTE
    ../clib/printf.c                         0x00000000   Number         0  __printf_flags_ss_wp.o ABSOLUTE
    ../clib/printf.c                         0x00000000   Number         0  _printf_intcommon.o ABSOLUTE
    ../clib/printf.c                         0x00000000   Number         0  _printf_fp_dec.o ABSOLUTE
    ../clib/printf.c                         0x00000000   Number         0  _printf_fp_dec_accurate.o ABSOLUTE
    ../clib/printf.c                         0x00000000   Number         0  _printf_fp_hex.o ABSOLUTE
    ../clib/printf.c                         0x00000000   Number         0  __printf_nopercent.o ABSOLUTE
    ../clib/printf.c                         0x00000000   Number         0  _printf_char.o ABSOLUTE
    ../clib/printf.c                         0x00000000   Number         0  _printf_wchar.o ABSOLUTE
    ../clib/printf.c                         0x00000000   Number         0  _printf_fp_infnan.o ABSOLUTE
    ../clib/printf_percent.s                 0x00000000   Number         0  _printf_c.o ABSOLUTE
    ../clib/printf_percent.s                 0x00000000   Number         0  _printf_s.o ABSOLUTE
    ../clib/printf_percent.s                 0x00000000   Number         0  _printf_n.o ABSOLUTE
    ../clib/printf_percent.s                 0x00000000   Number         0  _printf_x.o ABSOLUTE
    ../clib/printf_percent.s                 0x00000000   Number         0  _printf_p.o ABSOLUTE
    ../clib/printf_percent.s                 0x00000000   Number         0  _printf_o.o ABSOLUTE
    ../clib/printf_percent.s                 0x00000000   Number         0  _printf_i.o ABSOLUTE
    ../clib/printf_percent.s                 0x00000000   Number         0  _printf_d.o ABSOLUTE
    ../clib/printf_percent.s                 0x00000000   Number         0  _printf_u.o ABSOLUTE
    ../clib/printf_percent.s                 0x00000000   Number         0  _printf_f.o ABSOLUTE
    ../clib/printf_percent.s                 0x00000000   Number         0  _printf_e.o ABSOLUTE
    ../clib/printf_percent.s                 0x00000000   Number         0  _printf_g.o ABSOLUTE
    ../clib/printf_percent.s                 0x00000000   Number         0  _printf_a.o ABSOLUTE
    ../clib/printf_percent.s                 0x00000000   Number         0  _printf_percent.o ABSOLUTE
    ../clib/printf_percent.s                 0x00000000   Number         0  _printf_lli.o ABSOLUTE
    ../clib/printf_percent.s                 0x00000000   Number         0  _printf_lld.o ABSOLUTE
    ../clib/printf_percent.s                 0x00000000   Number         0  _printf_llu.o ABSOLUTE
    ../clib/printf_percent.s                 0x00000000   Number         0  _printf_ll.o ABSOLUTE
    ../clib/printf_percent.s                 0x00000000   Number         0  _printf_l.o ABSOLUTE
    ../clib/printf_percent.s                 0x00000000   Number         0  _printf_lc.o ABSOLUTE
    ../clib/printf_percent.s                 0x00000000   Number         0  _printf_ls.o ABSOLUTE
    ../clib/printf_percent.s                 0x00000000   Number         0  _printf_llo.o ABSOLUTE
    ../clib/printf_percent.s                 0x00000000   Number         0  _printf_llx.o ABSOLUTE
    ../clib/printf_percent.s                 0x00000000   Number         0  _printf_percent_end.o ABSOLUTE
    ../clib/signal.c                         0x00000000   Number         0  defsig_rtmem_outer.o ABSOLUTE
    ../clib/signal.c                         0x00000000   Number         0  defsig_rtmem_formal.o ABSOLUTE
    ../clib/signal.c                         0x00000000   Number         0  defsig_exit.o ABSOLUTE
    ../clib/signal.c                         0x00000000   Number         0  defsig_rtmem_inner.o ABSOLUTE
    ../clib/signal.c                         0x00000000   Number         0  __raise.o ABSOLUTE
    ../clib/signal.c                         0x00000000   Number         0  defsig_general.o ABSOLUTE
    ../clib/signal.c                         0x00000000   Number         0  defsig_abrt_inner.o ABSOLUTE
    ../clib/signal.c                         0x00000000   Number         0  defsig_fpe_inner.o ABSOLUTE
    ../clib/signal.c                         0x00000000   Number         0  defsig_rtred_inner.o ABSOLUTE
    ../clib/signal.c                         0x00000000   Number         0  defsig_stak_inner.o ABSOLUTE
    ../clib/signal.c                         0x00000000   Number         0  defsig_pvfn_inner.o ABSOLUTE
    ../clib/signal.c                         0x00000000   Number         0  defsig_cppl_inner.o ABSOLUTE
    ../clib/signal.c                         0x00000000   Number         0  defsig_segv_inner.o ABSOLUTE
    ../clib/signal.c                         0x00000000   Number         0  defsig_other.o ABSOLUTE
    ../clib/signal.s                         0x00000000   Number         0  defsig.o ABSOLUTE
    ../clib/stdlib.c                         0x00000000   Number         0  exit.o ABSOLUTE
    ../clib/string.c                         0x00000000   Number         0  strlen.o ABSOLUTE
    ../fplib/dretinf.s                       0x00000000   Number         0  dretinf.o ABSOLUTE
    ../fplib/f2d.s                           0x00000000   Number         0  f2d.o ABSOLUTE
    ../fplib/fnaninf.s                       0x00000000   Number         0  fnaninf.o ABSOLUTE
    ../fplib/fpinit.s                        0x00000000   Number         0  fpinit.o ABSOLUTE
    ../fplib/istatus.s                       0x00000000   Number         0  istatus.o ABSOLUTE
    ../fplib/printf1.s                       0x00000000   Number         0  printf1.o ABSOLUTE
    ../fplib/printf2.s                       0x00000000   Number         0  printf2.o ABSOLUTE
    ../fplib/printf2a.s                      0x00000000   Number         0  printf2a.o ABSOLUTE
    ../fplib/printf2b.s                      0x00000000   Number         0  printf2b.o ABSOLUTE
    ../fplib/usenofp.s                       0x00000000   Number         0  usenofp.o ABSOLUTE
    ../mathlib/fpclassify.c                  0x00000000   Number         0  fpclassify.o ABSOLUTE
    PLL Config STMF3.c                       0x00000000   Number         0  pll config stmf3.o ABSOLUTE
    RTE/Device/STM32F303K8Tx/startup_stm32f303x8.s 0x00000000   Number         0  startup_stm32f303x8.o ABSOLUTE
    adc.c                                    0x00000000   Number         0  adc.o ABSOLUTE
    dc.s                                     0x00000000   Number         0  dc.o ABSOLUTE
    leds.c                                   0x00000000   Number         0  leds.o ABSOLUTE
    main.c                                   0x00000000   Number         0  main.o ABSOLUTE
    pwm.c                                    0x00000000   Number         0  pwm.o ABSOLUTE
    system_stm32f3xx.c                       0x00000000   Number         0  system_stm32f3xx.o ABSOLUTE
    systick_delay.c                          0x00000000   Number         0  systick_delay.o ABSOLUTE
    usart.c                                  0x00000000   Number         0  usart.o ABSOLUTE
    RESET                                    0x08000000   Section      392  startup_stm32f303x8.o(RESET)
    !!!main                                  0x08000188   Section        8  __main.o(!!!main)
    !!!scatter                               0x08000190   Section       92  __scatter.o(!!!scatter)
    !!handler_copy                           0x080001ec   Section       26  __scatter_copy.o(!!handler_copy)
    !!handler_null                           0x08000208   Section        2  __scatter.o(!!handler_null)
    !!handler_zi                             0x0800020c   Section       28  __scatter_zi.o(!!handler_zi)
    .ARM.Collect$$_printf_percent$$00000000  0x08000228   Section        0  _printf_percent.o(.ARM.Collect$$_printf_percent$$00000000)
    .ARM.Collect$$_printf_percent$$00000001  0x08000228   Section        6  _printf_n.o(.ARM.Collect$$_printf_percent$$00000001)
    .ARM.Collect$$_printf_percent$$00000002  0x0800022e   Section        6  _printf_p.o(.ARM.Collect$$_printf_percent$$00000002)
    .ARM.Collect$$_printf_percent$$00000003  0x08000234   Section        6  _printf_f.o(.ARM.Collect$$_printf_percent$$00000003)
    .ARM.Collect$$_printf_percent$$00000004  0x0800023a   Section        6  _printf_e.o(.ARM.Collect$$_printf_percent$$00000004)
    .ARM.Collect$$_printf_percent$$00000005  0x08000240   Section        6  _printf_g.o(.ARM.Collect$$_printf_percent$$00000005)
    .ARM.Collect$$_printf_percent$$00000006  0x08000246   Section        6  _printf_a.o(.ARM.Collect$$_printf_percent$$00000006)
    .ARM.Collect$$_printf_percent$$00000007  0x0800024c   Section       10  _printf_ll.o(.ARM.Collect$$_printf_percent$$00000007)
    .ARM.Collect$$_printf_percent$$00000008  0x08000256   Section        6  _printf_i.o(.ARM.Collect$$_printf_percent$$00000008)
    .ARM.Collect$$_printf_percent$$00000009  0x0800025c   Section        6  _printf_d.o(.ARM.Collect$$_printf_percent$$00000009)
    .ARM.Collect$$_printf_percent$$0000000A  0x08000262   Section        6  _printf_u.o(.ARM.Collect$$_printf_percent$$0000000A)
    .ARM.Collect$$_printf_percent$$0000000B  0x08000268   Section        6  _printf_o.o(.ARM.Collect$$_printf_percent$$0000000B)
    .ARM.Collect$$_printf_percent$$0000000C  0x0800026e   Section        6  _printf_x.o(.ARM.Collect$$_printf_percent$$0000000C)
    .ARM.Collect$$_printf_percent$$0000000D  0x08000274   Section        6  _printf_lli.o(.ARM.Collect$$_printf_percent$$0000000D)
    .ARM.Collect$$_printf_percent$$0000000E  0x0800027a   Section        6  _printf_lld.o(.ARM.Collect$$_printf_percent$$0000000E)
    .ARM.Collect$$_printf_percent$$0000000F  0x08000280   Section        6  _printf_llu.o(.ARM.Collect$$_printf_percent$$0000000F)
    .ARM.Collect$$_printf_percent$$00000010  0x08000286   Section        6  _printf_llo.o(.ARM.Collect$$_printf_percent$$00000010)
    .ARM.Collect$$_printf_percent$$00000011  0x0800028c   Section        6  _printf_llx.o(.ARM.Collect$$_printf_percent$$00000011)
    .ARM.Collect$$_printf_percent$$00000012  0x08000292   Section       10  _printf_l.o(.ARM.Collect$$_printf_percent$$00000012)
    .ARM.Collect$$_printf_percent$$00000013  0x0800029c   Section        6  _printf_c.o(.ARM.Collect$$_printf_percent$$00000013)
    .ARM.Collect$$_printf_percent$$00000014  0x080002a2   Section        6  _printf_s.o(.ARM.Collect$$_printf_percent$$00000014)
    .ARM.Collect$$_printf_percent$$00000015  0x080002a8   Section        6  _printf_lc.o(.ARM.Collect$$_printf_percent$$00000015)
    .ARM.Collect$$_printf_percent$$00000016  0x080002ae   Section        6  _printf_ls.o(.ARM.Collect$$_printf_percent$$00000016)
    .ARM.Collect$$_printf_percent$$00000017  0x080002b4   Section        4  _printf_percent_end.o(.ARM.Collect$$_printf_percent$$00000017)
    .ARM.Collect$$libinit$$00000000          0x080002b8   Section        2  libinit.o(.ARM.Collect$$libinit$$00000000)
    .ARM.Collect$$libinit$$00000001          0x080002ba   Section        4  libinit2.o(.ARM.Collect$$libinit$$00000001)
    .ARM.Collect$$libinit$$00000004          0x080002be   Section        0  libinit2.o(.ARM.Collect$$libinit$$00000004)
    .ARM.Collect$$libinit$$00000006          0x080002be   Section        0  libinit2.o(.ARM.Collect$$libinit$$00000006)
    .ARM.Collect$$libinit$$0000000C          0x080002be   Section        0  libinit2.o(.ARM.Collect$$libinit$$0000000C)
    .ARM.Collect$$libinit$$0000000E          0x080002be   Section        0  libinit2.o(.ARM.Collect$$libinit$$0000000E)
    .ARM.Collect$$libinit$$00000010          0x080002be   Section        0  libinit2.o(.ARM.Collect$$libinit$$00000010)
    .ARM.Collect$$libinit$$00000011          0x080002be   Section        6  libinit2.o(.ARM.Collect$$libinit$$00000011)
    .ARM.Collect$$libinit$$00000013          0x080002c4   Section        0  libinit2.o(.ARM.Collect$$libinit$$00000013)
    .ARM.Collect$$libinit$$00000014          0x080002c4   Section       12  libinit2.o(.ARM.Collect$$libinit$$00000014)
    .ARM.Collect$$libinit$$00000015          0x080002d0   Section        0  libinit2.o(.ARM.Collect$$libinit$$00000015)
    .ARM.Collect$$libinit$$00000017          0x080002d0   Section        0  libinit2.o(.ARM.Collect$$libinit$$00000017)
    .ARM.Collect$$libinit$$00000018          0x080002d0   Section       10  libinit2.o(.ARM.Collect$$libinit$$00000018)
    .ARM.Collect$$libinit$$00000019          0x080002da   Section        0  libinit2.o(.ARM.Collect$$libinit$$00000019)
    .ARM.Collect$$libinit$$0000001B          0x080002da   Section        0  libinit2.o(.ARM.Collect$$libinit$$0000001B)
    .ARM.Collect$$libinit$$0000001D          0x080002da   Section        0  libinit2.o(.ARM.Collect$$libinit$$0000001D)
    .ARM.Collect$$libinit$$0000001F          0x080002da   Section        0  libinit2.o(.ARM.Collect$$libinit$$0000001F)
    .ARM.Collect$$libinit$$00000021          0x080002da   Section        0  libinit2.o(.ARM.Collect$$libinit$$00000021)
    .ARM.Collect$$libinit$$00000023          0x080002da   Section        0  libinit2.o(.ARM.Collect$$libinit$$00000023)
    .ARM.Collect$$libinit$$00000025          0x080002da   Section        0  libinit2.o(.ARM.Collect$$libinit$$00000025)
    .ARM.Collect$$libinit$$00000027          0x080002da   Section        0  libinit2.o(.ARM.Collect$$libinit$$00000027)
    .ARM.Collect$$libinit$$0000002E          0x080002da   Section        0  libinit2.o(.ARM.Collect$$libinit$$0000002E)
    .ARM.Collect$$libinit$$00000030          0x080002da   Section        0  libinit2.o(.ARM.Collect$$libinit$$00000030)
    .ARM.Collect$$libinit$$00000032          0x080002da   Section        0  libinit2.o(.ARM.Collect$$libinit$$00000032)
    .ARM.Collect$$libinit$$00000034          0x080002da   Section        0  libinit2.o(.ARM.Collect$$libinit$$00000034)
    .ARM.Collect$$libinit$$00000035          0x080002da   Section        2  libinit2.o(.ARM.Collect$$libinit$$00000035)
    .ARM.Collect$$libshutdown$$00000000      0x080002dc   Section        2  libshutdown.o(.ARM.Collect$$libshutdown$$00000000)
    .ARM.Collect$$libshutdown$$00000002      0x080002de   Section        0  libshutdown2.o(.ARM.Collect$$libshutdown$$00000002)
    .ARM.Collect$$libshutdown$$00000004      0x080002de   Section        0  libshutdown2.o(.ARM.Collect$$libshutdown$$00000004)
    .ARM.Collect$$libshutdown$$00000007      0x080002de   Section        0  libshutdown2.o(.ARM.Collect$$libshutdown$$00000007)
    .ARM.Collect$$libshutdown$$0000000A      0x080002de   Section        0  libshutdown2.o(.ARM.Collect$$libshutdown$$0000000A)
    .ARM.Collect$$libshutdown$$0000000C      0x080002de   Section        0  libshutdown2.o(.ARM.Collect$$libshutdown$$0000000C)
    .ARM.Collect$$libshutdown$$0000000F      0x080002de   Section        0  libshutdown2.o(.ARM.Collect$$libshutdown$$0000000F)
    .ARM.Collect$$libshutdown$$00000010      0x080002de   Section        2  libshutdown2.o(.ARM.Collect$$libshutdown$$00000010)
    .ARM.Collect$$rtentry$$00000000          0x080002e0   Section        0  __rtentry.o(.ARM.Collect$$rtentry$$00000000)
    .ARM.Collect$$rtentry$$00000002          0x080002e0   Section        0  __rtentry2.o(.ARM.Collect$$rtentry$$00000002)
    .ARM.Collect$$rtentry$$00000004          0x080002e0   Section        6  __rtentry4.o(.ARM.Collect$$rtentry$$00000004)
    .ARM.Collect$$rtentry$$00000009          0x080002e6   Section        0  __rtentry2.o(.ARM.Collect$$rtentry$$00000009)
    .ARM.Collect$$rtentry$$0000000A          0x080002e6   Section        4  __rtentry2.o(.ARM.Collect$$rtentry$$0000000A)
    .ARM.Collect$$rtentry$$0000000C          0x080002ea   Section        0  __rtentry2.o(.ARM.Collect$$rtentry$$0000000C)
    .ARM.Collect$$rtentry$$0000000D          0x080002ea   Section        8  __rtentry2.o(.ARM.Collect$$rtentry$$0000000D)
    .ARM.Collect$$rtexit$$00000000           0x080002f2   Section        2  rtexit.o(.ARM.Collect$$rtexit$$00000000)
    .ARM.Collect$$rtexit$$00000002           0x080002f4   Section        0  rtexit2.o(.ARM.Collect$$rtexit$$00000002)
    .ARM.Collect$$rtexit$$00000003           0x080002f4   Section        4  rtexit2.o(.ARM.Collect$$rtexit$$00000003)
    .ARM.Collect$$rtexit$$00000004           0x080002f8   Section        6  rtexit2.o(.ARM.Collect$$rtexit$$00000004)
    $v0                                      0x08000300   Number         0  startup_stm32f303x8.o(.text)
    .text                                    0x08000300   Section       64  startup_stm32f303x8.o(.text)
    .text                                    0x08000340   Section        0  sprintf.o(.text)
    .text                                    0x0800036c   Section        0  strlen.o(.text)
    .text                                    0x080003aa   Section        0  heapauxi.o(.text)
    .text                                    0x080003b0   Section        0  _printf_pad.o(.text)
    .text                                    0x080003fe   Section        0  _printf_truncate.o(.text)
    .text                                    0x08000422   Section        0  _printf_str.o(.text)
    .text                                    0x08000474   Section        0  _printf_dec.o(.text)
    .text                                    0x080004ec   Section        0  _printf_charcount.o(.text)
    _printf_input_char                       0x08000515   Thumb Code    10  _printf_char_common.o(.text)
    .text                                    0x08000514   Section        0  _printf_char_common.o(.text)
    .text                                    0x08000544   Section        0  _sputc.o(.text)
    .text                                    0x08000550   Section        0  _printf_wctomb.o(.text)
    .text                                    0x0800060c   Section        0  _printf_longlong_dec.o(.text)
    _printf_longlong_oct_internal            0x08000689   Thumb Code     0  _printf_oct_int_ll.o(.text)
    .text                                    0x08000688   Section        0  _printf_oct_int_ll.o(.text)
    _printf_hex_common                       0x080006f9   Thumb Code     0  _printf_hex_int_ll_ptr.o(.text)
    .text                                    0x080006f8   Section        0  _printf_hex_int_ll_ptr.o(.text)
    .text                                    0x0800078c   Section        0  __printf_flags_ss_wp.o(.text)
    .text                                    0x08000914   Section      138  lludiv10.o(.text)
    .text                                    0x0800099e   Section        0  _printf_intcommon.o(.text)
    _fp_digits                               0x08000a51   Thumb Code   432  _printf_fp_dec.o(.text)
    .text                                    0x08000a50   Section        0  _printf_fp_dec.o(.text)
    .text                                    0x08000e6c   Section        0  _printf_fp_hex.o(.text)
    .text                                    0x08001168   Section        0  _printf_char.o(.text)
    .text                                    0x08001194   Section        0  _printf_wchar.o(.text)
    .text                                    0x080011c0   Section        0  _c16rtomb.o(.text)
    .text                                    0x08001208   Section       74  sys_stackheap_outer.o(.text)
    .text                                    0x08001254   Section       16  rt_ctype_table.o(.text)
    .text                                    0x08001264   Section        8  rt_locale_intlibspace.o(.text)
    .text                                    0x0800126c   Section        0  _printf_fp_infnan.o(.text)
    .text                                    0x080012ec   Section        0  bigflt0.o(.text)
    .text                                    0x080013d0   Section        0  exit.o(.text)
    .text                                    0x080013e4   Section        8  libspace.o(.text)
    .text                                    0x080013f0   Section      124  strcmpv7em.o(.text)
    .text                                    0x0800146c   Section        0  sys_exit.o(.text)
    .text                                    0x08001478   Section        2  use_no_semi.o(.text)
    .text                                    0x0800147a   Section        0  indicate_semi.o(.text)
    [Anonymous Symbol]                       0x0800147c   Section        0  adc.o(.text.ADC_Init)
    [Anonymous Symbol]                       0x080014e0   Section        0  pll config stmf3.o(.text.PLL_Config)
    SysTick_Config                           0x0800157d   Thumb Code    82  systick_delay.o(.text.SysTick_Config)
    [Anonymous Symbol]                       0x0800157c   Section        0  systick_delay.o(.text.SysTick_Config)
    [Anonymous Symbol]                       0x080015d0   Section        0  systick_delay.o(.text.SysTick_Handler)
    [Anonymous Symbol]                       0x080015e0   Section        0  systick_delay.o(.text.SysTick_Init)
    [Anonymous Symbol]                       0x08001614   Section        0  system_stm32f3xx.o(.text.SystemCoreClockUpdate)
    [Anonymous Symbol]                       0x08001724   Section        0  system_stm32f3xx.o(.text.SystemInit)
    __NVIC_SetPriority                       0x080017bd   Thumb Code    66  systick_delay.o(.text.__NVIC_SetPriority)
    [Anonymous Symbol]                       0x080017bc   Section        0  systick_delay.o(.text.__NVIC_SetPriority)
    [Anonymous Symbol]                       0x08001800   Section        0  main.o(.text.average)
    [Anonymous Symbol]                       0x08001850   Section        0  systick_delay.o(.text.delay_nms)
    [Anonymous Symbol]                       0x08001890   Section        0  leds.o(.text.init_led)
    [Anonymous Symbol]                       0x080018bc   Section        0  pwm.o(.text.init_pwm)
    [Anonymous Symbol]                       0x08001998   Section        0  usart.o(.text.init_usart)
    [Anonymous Symbol]                       0x08001a24   Section        0  main.o(.text.main)
    [Anonymous Symbol]                       0x08001d6c   Section        0  pwm.o(.text.output_pwm)
    [Anonymous Symbol]                       0x08001de4   Section        0  usart.o(.text.print_terminal)
    [Anonymous Symbol]                       0x08001e28   Section        0  adc.o(.text.read_adc)
    [Anonymous Symbol]                       0x08001e6c   Section        0  usart.o(.text.send_usart)
    CL$$btod_d2e                             0x08001e9a   Section       62  btod.o(CL$$btod_d2e)
    CL$$btod_d2e_denorm_low                  0x08001ed8   Section       70  btod.o(CL$$btod_d2e_denorm_low)
    CL$$btod_d2e_norm_op1                    0x08001f1e   Section       96  btod.o(CL$$btod_d2e_norm_op1)
    CL$$btod_div_common                      0x08001f80   Section      824  btod.o(CL$$btod_div_common)
    CL$$btod_e2e                             0x080022b8   Section      220  btod.o(CL$$btod_e2e)
    CL$$btod_ediv                            0x08002394   Section       42  btod.o(CL$$btod_ediv)
    CL$$btod_emul                            0x080023be   Section       42  btod.o(CL$$btod_emul)
    CL$$btod_mult_common                     0x080023e8   Section      580  btod.o(CL$$btod_mult_common)
    i.__ARM_fpclassify                       0x0800262c   Section        0  fpclassify.o(i.__ARM_fpclassify)
    i._is_digit                              0x0800265c   Section        0  __printf_wp.o(i._is_digit)
    locale$$code                             0x0800266c   Section       44  lc_numeric_c.o(locale$$code)
    locale$$code                             0x08002698   Section       44  lc_ctype_c.o(locale$$code)
    $v0                                      0x080026c4   Number         0  dretinf.o(x$fpl$dretinf)
    x$fpl$dretinf                            0x080026c4   Section       12  dretinf.o(x$fpl$dretinf)
    $v0                                      0x080026d0   Number         0  f2d.o(x$fpl$f2d)
    x$fpl$f2d                                0x080026d0   Section       86  f2d.o(x$fpl$f2d)
    $v0                                      0x08002726   Number         0  fnaninf.o(x$fpl$fnaninf)
    x$fpl$fnaninf                            0x08002726   Section      140  fnaninf.o(x$fpl$fnaninf)
    $v0                                      0x080027b2   Number         0  fpinit.o(x$fpl$fpinit)
    x$fpl$fpinit                             0x080027b2   Section       26  fpinit.o(x$fpl$fpinit)
    $v0                                      0x080027cc   Number         0  printf1.o(x$fpl$printf1)
    x$fpl$printf1                            0x080027cc   Section        4  printf1.o(x$fpl$printf1)
    $v0                                      0x080027d0   Number         0  printf2.o(x$fpl$printf2)
    x$fpl$printf2                            0x080027d0   Section        4  printf2.o(x$fpl$printf2)
    initial_mbstate                          0x080027d4   Data           8  _printf_wctomb.o(.constdata)
    .constdata                               0x080027d4   Section        8  _printf_wctomb.o(.constdata)
    x$fpl$usenofp                            0x080027d4   Section        0  usenofp.o(x$fpl$usenofp)
    uc_hextab                                0x080027dc   Data          20  _printf_hex_int_ll_ptr.o(.constdata)
    .constdata                               0x080027dc   Section       40  _printf_hex_int_ll_ptr.o(.constdata)
    lc_hextab                                0x080027f0   Data          20  _printf_hex_int_ll_ptr.o(.constdata)
    maptable                                 0x08002804   Data          17  __printf_flags_ss_wp.o(.constdata)
    .constdata                               0x08002804   Section       17  __printf_flags_ss_wp.o(.constdata)
    lc_hextab                                0x08002815   Data          19  _printf_fp_hex.o(.constdata)
    .constdata                               0x08002815   Section       38  _printf_fp_hex.o(.constdata)
    uc_hextab                                0x08002828   Data          19  _printf_fp_hex.o(.constdata)
    tenpwrs_x                                0x0800283c   Data          60  bigflt0.o(.constdata)
    .constdata                               0x0800283c   Section      148  bigflt0.o(.constdata)
    tenpwrs_i                                0x08002878   Data          64  bigflt0.o(.constdata)
    .L.str                                   0x080028e0   Data         100  main.o(.rodata.str1.1)
    [Anonymous Symbol]                       0x080028e0   Section        0  main.o(.rodata.str1.1)
    .L.str                                   0x08002944   Data          16  usart.o(.rodata.str1.1)
    [Anonymous Symbol]                       0x08002944   Section        0  usart.o(.rodata.str1.1)
    locale$$data                             0x08002974   Section       28  lc_numeric_c.o(locale$$data)
    __lcnum_c_name                           0x08002978   Data           2  lc_numeric_c.o(locale$$data)
    __lcnum_c_start                          0x08002980   Data           0  lc_numeric_c.o(locale$$data)
    __lcnum_c_point                          0x0800298c   Data           0  lc_numeric_c.o(locale$$data)
    __lcnum_c_thousands                      0x0800298e   Data           0  lc_numeric_c.o(locale$$data)
    __lcnum_c_grouping                       0x0800298f   Data           0  lc_numeric_c.o(locale$$data)
    __lcnum_c_end                            0x08002990   Data           0  lc_numeric_c.o(locale$$data)
    locale$$data                             0x08002990   Section      272  lc_ctype_c.o(locale$$data)
    __lcctype_c_name                         0x08002994   Data           2  lc_ctype_c.o(locale$$data)
    __lcctype_c_start                        0x0800299c   Data           0  lc_ctype_c.o(locale$$data)
    __lcctype_c_end                          0x08002aa0   Data           0  lc_ctype_c.o(locale$$data)
    .bss                                     0x20000008   Section       96  libspace.o(.bss)
    Heap_Mem                                 0x200009d8   Data         512  startup_stm32f303x8.o(HEAP)
    HEAP                                     0x200009d8   Section      512  startup_stm32f303x8.o(HEAP)
    Stack_Mem                                0x20000bd8   Data        1024  startup_stm32f303x8.o(STACK)
    STACK                                    0x20000bd8   Section     1024  startup_stm32f303x8.o(STACK)
    __initial_sp                             0x20000fd8   Data           0  startup_stm32f303x8.o(STACK)

    Global Symbols

    Symbol Name                              Value     Ov Type        Size  Object(Section)

    BuildAttributes$$THM_ISAv4$E$P$D$K$B$S$7EM$VFPi3$EXTD16$VFPS$VFMA$PE$A:L22UL41UL21$X:L11$S22US41US21$IEEE1$IW$~IW$USESV6$~STKCKD$USESV7$~SHL$OTIME$ROPI$IEEEJ$EBA8$UX$STANDARDLIB$REQ8$PRES8$EABIv2 0x00000000   Number         0  anon$$obj.o ABSOLUTE
    _printf_flags                            0x00000000   Number         0  printf_stubs.o ABSOLUTE
    _printf_return_value                     0x00000000   Number         0  printf_stubs.o ABSOLUTE
    _printf_sizespec                         0x00000000   Number         0  printf_stubs.o ABSOLUTE
    _printf_widthprec                        0x00000000   Number         0  printf_stubs.o ABSOLUTE
    __ARM_exceptions_init                     - Undefined Weak Reference
    __alloca_initialize                       - Undefined Weak Reference
    __arm_preinit_                            - Undefined Weak Reference
    __arm_relocate_pie_                       - Undefined Weak Reference
    __cpp_initialize__aeabi_                  - Undefined Weak Reference
    __cxa_finalize                            - Undefined Weak Reference
    __sigvec_lookup                           - Undefined Weak Reference
    _atexit_init                              - Undefined Weak Reference
    _call_atexit_fns                          - Undefined Weak Reference
    _clock_init                               - Undefined Weak Reference
    _fp_trap_init                             - Undefined Weak Reference
    _fp_trap_shutdown                         - Undefined Weak Reference
    _get_lc_collate                           - Undefined Weak Reference
    _get_lc_monetary                          - Undefined Weak Reference
    _get_lc_time                              - Undefined Weak Reference
    _getenv_init                              - Undefined Weak Reference
    _handle_redirection                       - Undefined Weak Reference
    _init_alloc                               - Undefined Weak Reference
    _init_user_alloc                          - Undefined Weak Reference
    _initio                                   - Undefined Weak Reference
    _printf_mbtowc                            - Undefined Weak Reference
    _printf_wc                                - Undefined Weak Reference
    _rand_init                                - Undefined Weak Reference
    _signal_finish                            - Undefined Weak Reference
    _signal_init                              - Undefined Weak Reference
    _terminate_alloc                          - Undefined Weak Reference
    _terminate_user_alloc                     - Undefined Weak Reference
    _terminateio                              - Undefined Weak Reference
    __Vectors_Size                           0x00000188   Number         0  startup_stm32f303x8.o ABSOLUTE
    __Vectors                                0x08000000   Data           4  startup_stm32f303x8.o(RESET)
    __Vectors_End                            0x08000188   Data           0  startup_stm32f303x8.o(RESET)
    __main                                   0x08000189   Thumb Code     8  __main.o(!!!main)
    __scatterload                            0x08000191   Thumb Code     0  __scatter.o(!!!scatter)
    __scatterload_rt2                        0x08000191   Thumb Code    84  __scatter.o(!!!scatter)
    __scatterload_rt2_thumb_only             0x08000191   Thumb Code     0  __scatter.o(!!!scatter)
    __scatterload_loop                       0x0800019b   Thumb Code     0  __scatter.o(!!!scatter)
    __scatterload_copy                       0x080001ed   Thumb Code    26  __scatter_copy.o(!!handler_copy)
    __scatterload_null                       0x08000209   Thumb Code     2  __scatter.o(!!handler_null)
    __scatterload_zeroinit                   0x0800020d   Thumb Code    28  __scatter_zi.o(!!handler_zi)
    _printf_n                                0x08000229   Thumb Code     0  _printf_n.o(.ARM.Collect$$_printf_percent$$00000001)
    _printf_percent                          0x08000229   Thumb Code     0  _printf_percent.o(.ARM.Collect$$_printf_percent$$00000000)
    _printf_p                                0x0800022f   Thumb Code     0  _printf_p.o(.ARM.Collect$$_printf_percent$$00000002)
    _printf_f                                0x08000235   Thumb Code     0  _printf_f.o(.ARM.Collect$$_printf_percent$$00000003)
    _printf_e                                0x0800023b   Thumb Code     0  _printf_e.o(.ARM.Collect$$_printf_percent$$00000004)
    _printf_g                                0x08000241   Thumb Code     0  _printf_g.o(.ARM.Collect$$_printf_percent$$00000005)
    _printf_a                                0x08000247   Thumb Code     0  _printf_a.o(.ARM.Collect$$_printf_percent$$00000006)
    _printf_ll                               0x0800024d   Thumb Code     0  _printf_ll.o(.ARM.Collect$$_printf_percent$$00000007)
    _printf_i                                0x08000257   Thumb Code     0  _printf_i.o(.ARM.Collect$$_printf_percent$$00000008)
    _printf_d                                0x0800025d   Thumb Code     0  _printf_d.o(.ARM.Collect$$_printf_percent$$00000009)
    _printf_u                                0x08000263   Thumb Code     0  _printf_u.o(.ARM.Collect$$_printf_percent$$0000000A)
    _printf_o                                0x08000269   Thumb Code     0  _printf_o.o(.ARM.Collect$$_printf_percent$$0000000B)
    _printf_x                                0x0800026f   Thumb Code     0  _printf_x.o(.ARM.Collect$$_printf_percent$$0000000C)
    _printf_lli                              0x08000275   Thumb Code     0  _printf_lli.o(.ARM.Collect$$_printf_percent$$0000000D)
    _printf_lld                              0x0800027b   Thumb Code     0  _printf_lld.o(.ARM.Collect$$_printf_percent$$0000000E)
    _printf_llu                              0x08000281   Thumb Code     0  _printf_llu.o(.ARM.Collect$$_printf_percent$$0000000F)
    _printf_llo                              0x08000287   Thumb Code     0  _printf_llo.o(.ARM.Collect$$_printf_percent$$00000010)
    _printf_llx                              0x0800028d   Thumb Code     0  _printf_llx.o(.ARM.Collect$$_printf_percent$$00000011)
    _printf_l                                0x08000293   Thumb Code     0  _printf_l.o(.ARM.Collect$$_printf_percent$$00000012)
    _printf_c                                0x0800029d   Thumb Code     0  _printf_c.o(.ARM.Collect$$_printf_percent$$00000013)
    _printf_s                                0x080002a3   Thumb Code     0  _printf_s.o(.ARM.Collect$$_printf_percent$$00000014)
    _printf_lc                               0x080002a9   Thumb Code     0  _printf_lc.o(.ARM.Collect$$_printf_percent$$00000015)
    _printf_ls                               0x080002af   Thumb Code     0  _printf_ls.o(.ARM.Collect$$_printf_percent$$00000016)
    _printf_percent_end                      0x080002b5   Thumb Code     0  _printf_percent_end.o(.ARM.Collect$$_printf_percent$$00000017)
    __rt_lib_init                            0x080002b9   Thumb Code     0  libinit.o(.ARM.Collect$$libinit$$00000000)
    __rt_lib_init_fp_1                       0x080002bb   Thumb Code     0  libinit2.o(.ARM.Collect$$libinit$$00000001)
    __rt_lib_init_heap_1                     0x080002bf   Thumb Code     0  libinit2.o(.ARM.Collect$$libinit$$0000000C)
    __rt_lib_init_lc_common                  0x080002bf   Thumb Code     0  libinit2.o(.ARM.Collect$$libinit$$00000011)
    __rt_lib_init_preinit_1                  0x080002bf   Thumb Code     0  libinit2.o(.ARM.Collect$$libinit$$00000006)
    __rt_lib_init_rand_1                     0x080002bf   Thumb Code     0  libinit2.o(.ARM.Collect$$libinit$$00000010)
    __rt_lib_init_relocate_pie_1             0x080002bf   Thumb Code     0  libinit2.o(.ARM.Collect$$libinit$$00000004)
    __rt_lib_init_user_alloc_1               0x080002bf   Thumb Code     0  libinit2.o(.ARM.Collect$$libinit$$0000000E)
    __rt_lib_init_lc_collate_1               0x080002c5   Thumb Code     0  libinit2.o(.ARM.Collect$$libinit$$00000013)
    __rt_lib_init_lc_ctype_2                 0x080002c5   Thumb Code     0  libinit2.o(.ARM.Collect$$libinit$$00000014)
    __rt_lib_init_lc_ctype_1                 0x080002d1   Thumb Code     0  libinit2.o(.ARM.Collect$$libinit$$00000015)
    __rt_lib_init_lc_monetary_1              0x080002d1   Thumb Code     0  libinit2.o(.ARM.Collect$$libinit$$00000017)
    __rt_lib_init_lc_numeric_2               0x080002d1   Thumb Code     0  libinit2.o(.ARM.Collect$$libinit$$00000018)
    __rt_lib_init_alloca_1                   0x080002db   Thumb Code     0  libinit2.o(.ARM.Collect$$libinit$$00000030)
    __rt_lib_init_argv_1                     0x080002db   Thumb Code     0  libinit2.o(.ARM.Collect$$libinit$$0000002E)
    __rt_lib_init_atexit_1                   0x080002db   Thumb Code     0  libinit2.o(.ARM.Collect$$libinit$$0000001D)
    __rt_lib_init_clock_1                    0x080002db   Thumb Code     0  libinit2.o(.ARM.Collect$$libinit$$00000023)
    __rt_lib_init_cpp_1                      0x080002db   Thumb Code     0  libinit2.o(.ARM.Collect$$libinit$$00000034)
    __rt_lib_init_exceptions_1               0x080002db   Thumb Code     0  libinit2.o(.ARM.Collect$$libinit$$00000032)
    __rt_lib_init_fp_trap_1                  0x080002db   Thumb Code     0  libinit2.o(.ARM.Collect$$libinit$$00000021)
    __rt_lib_init_getenv_1                   0x080002db   Thumb Code     0  libinit2.o(.ARM.Collect$$libinit$$00000025)
    __rt_lib_init_lc_numeric_1               0x080002db   Thumb Code     0  libinit2.o(.ARM.Collect$$libinit$$00000019)
    __rt_lib_init_lc_time_1                  0x080002db   Thumb Code     0  libinit2.o(.ARM.Collect$$libinit$$0000001B)
    __rt_lib_init_return                     0x080002db   Thumb Code     0  libinit2.o(.ARM.Collect$$libinit$$00000035)
    __rt_lib_init_signal_1                   0x080002db   Thumb Code     0  libinit2.o(.ARM.Collect$$libinit$$0000001F)
    __rt_lib_init_stdio_1                    0x080002db   Thumb Code     0  libinit2.o(.ARM.Collect$$libinit$$00000027)
    __rt_lib_shutdown                        0x080002dd   Thumb Code     0  libshutdown.o(.ARM.Collect$$libshutdown$$00000000)
    __rt_lib_shutdown_cpp_1                  0x080002df   Thumb Code     0  libshutdown2.o(.ARM.Collect$$libshutdown$$00000002)
    __rt_lib_shutdown_fp_trap_1              0x080002df   Thumb Code     0  libshutdown2.o(.ARM.Collect$$libshutdown$$00000007)
    __rt_lib_shutdown_heap_1                 0x080002df   Thumb Code     0  libshutdown2.o(.ARM.Collect$$libshutdown$$0000000F)
    __rt_lib_shutdown_return                 0x080002df   Thumb Code     0  libshutdown2.o(.ARM.Collect$$libshutdown$$00000010)
    __rt_lib_shutdown_signal_1               0x080002df   Thumb Code     0  libshutdown2.o(.ARM.Collect$$libshutdown$$0000000A)
    __rt_lib_shutdown_stdio_1                0x080002df   Thumb Code     0  libshutdown2.o(.ARM.Collect$$libshutdown$$00000004)
    __rt_lib_shutdown_user_alloc_1           0x080002df   Thumb Code     0  libshutdown2.o(.ARM.Collect$$libshutdown$$0000000C)
    __rt_entry                               0x080002e1   Thumb Code     0  __rtentry.o(.ARM.Collect$$rtentry$$00000000)
    __rt_entry_presh_1                       0x080002e1   Thumb Code     0  __rtentry2.o(.ARM.Collect$$rtentry$$00000002)
    __rt_entry_sh                            0x080002e1   Thumb Code     0  __rtentry4.o(.ARM.Collect$$rtentry$$00000004)
    __rt_entry_li                            0x080002e7   Thumb Code     0  __rtentry2.o(.ARM.Collect$$rtentry$$0000000A)
    __rt_entry_postsh_1                      0x080002e7   Thumb Code     0  __rtentry2.o(.ARM.Collect$$rtentry$$00000009)
    __rt_entry_main                          0x080002eb   Thumb Code     0  __rtentry2.o(.ARM.Collect$$rtentry$$0000000D)
    __rt_entry_postli_1                      0x080002eb   Thumb Code     0  __rtentry2.o(.ARM.Collect$$rtentry$$0000000C)
    __rt_exit                                0x080002f3   Thumb Code     0  rtexit.o(.ARM.Collect$$rtexit$$00000000)
    __rt_exit_ls                             0x080002f5   Thumb Code     0  rtexit2.o(.ARM.Collect$$rtexit$$00000003)
    __rt_exit_prels_1                        0x080002f5   Thumb Code     0  rtexit2.o(.ARM.Collect$$rtexit$$00000002)
    __rt_exit_exit                           0x080002f9   Thumb Code     0  rtexit2.o(.ARM.Collect$$rtexit$$00000004)
    Reset_Handler                            0x08000301   Thumb Code     8  startup_stm32f303x8.o(.text)
    NMI_Handler                              0x08000309   Thumb Code     2  startup_stm32f303x8.o(.text)
    HardFault_Handler                        0x0800030b   Thumb Code     2  startup_stm32f303x8.o(.text)
    MemManage_Handler                        0x0800030d   Thumb Code     2  startup_stm32f303x8.o(.text)
    BusFault_Handler                         0x0800030f   Thumb Code     2  startup_stm32f303x8.o(.text)
    UsageFault_Handler                       0x08000311   Thumb Code     2  startup_stm32f303x8.o(.text)
    SVC_Handler                              0x08000313   Thumb Code     2  startup_stm32f303x8.o(.text)
    DebugMon_Handler                         0x08000315   Thumb Code     2  startup_stm32f303x8.o(.text)
    PendSV_Handler                           0x08000317   Thumb Code     2  startup_stm32f303x8.o(.text)
    ADC1_2_IRQHandler                        0x0800031b   Thumb Code     0  startup_stm32f303x8.o(.text)
    CAN_RX0_IRQHandler                       0x0800031b   Thumb Code     0  startup_stm32f303x8.o(.text)
    CAN_RX1_IRQHandler                       0x0800031b   Thumb Code     0  startup_stm32f303x8.o(.text)
    CAN_SCE_IRQHandler                       0x0800031b   Thumb Code     0  startup_stm32f303x8.o(.text)
    CAN_TX_IRQHandler                        0x0800031b   Thumb Code     0  startup_stm32f303x8.o(.text)
    COMP2_IRQHandler                         0x0800031b   Thumb Code     0  startup_stm32f303x8.o(.text)
    COMP4_6_IRQHandler                       0x0800031b   Thumb Code     0  startup_stm32f303x8.o(.text)
    DMA1_Channel1_IRQHandler                 0x0800031b   Thumb Code     0  startup_stm32f303x8.o(.text)
    DMA1_Channel2_IRQHandler                 0x0800031b   Thumb Code     0  startup_stm32f303x8.o(.text)
    DMA1_Channel3_IRQHandler                 0x0800031b   Thumb Code     0  startup_stm32f303x8.o(.text)
    DMA1_Channel4_IRQHandler                 0x0800031b   Thumb Code     0  startup_stm32f303x8.o(.text)
    DMA1_Channel5_IRQHandler                 0x0800031b   Thumb Code     0  startup_stm32f303x8.o(.text)
    DMA1_Channel6_IRQHandler                 0x0800031b   Thumb Code     0  startup_stm32f303x8.o(.text)
    DMA1_Channel7_IRQHandler                 0x0800031b   Thumb Code     0  startup_stm32f303x8.o(.text)
    EXTI0_IRQHandler                         0x0800031b   Thumb Code     0  startup_stm32f303x8.o(.text)
    EXTI15_10_IRQHandler                     0x0800031b   Thumb Code     0  startup_stm32f303x8.o(.text)
    EXTI1_IRQHandler                         0x0800031b   Thumb Code     0  startup_stm32f303x8.o(.text)
    EXTI2_TSC_IRQHandler                     0x0800031b   Thumb Code     0  startup_stm32f303x8.o(.text)
    EXTI3_IRQHandler                         0x0800031b   Thumb Code     0  startup_stm32f303x8.o(.text)
    EXTI4_IRQHandler                         0x0800031b   Thumb Code     0  startup_stm32f303x8.o(.text)
    EXTI9_5_IRQHandler                       0x0800031b   Thumb Code     0  startup_stm32f303x8.o(.text)
    FLASH_IRQHandler                         0x0800031b   Thumb Code     0  startup_stm32f303x8.o(.text)
    FPU_IRQHandler                           0x0800031b   Thumb Code     0  startup_stm32f303x8.o(.text)
    I2C1_ER_IRQHandler                       0x0800031b   Thumb Code     0  startup_stm32f303x8.o(.text)
    I2C1_EV_IRQHandler                       0x0800031b   Thumb Code     0  startup_stm32f303x8.o(.text)
    PVD_IRQHandler                           0x0800031b   Thumb Code     0  startup_stm32f303x8.o(.text)
    RCC_IRQHandler                           0x0800031b   Thumb Code     0  startup_stm32f303x8.o(.text)
    RTC_Alarm_IRQHandler                     0x0800031b   Thumb Code     0  startup_stm32f303x8.o(.text)
    RTC_WKUP_IRQHandler                      0x0800031b   Thumb Code     0  startup_stm32f303x8.o(.text)
    SPI1_IRQHandler                          0x0800031b   Thumb Code     0  startup_stm32f303x8.o(.text)
    TAMP_STAMP_IRQHandler                    0x0800031b   Thumb Code     0  startup_stm32f303x8.o(.text)
    TIM1_BRK_TIM15_IRQHandler                0x0800031b   Thumb Code     0  startup_stm32f303x8.o(.text)
    TIM1_CC_IRQHandler                       0x0800031b   Thumb Code     0  startup_stm32f303x8.o(.text)
    TIM1_TRG_COM_TIM17_IRQHandler            0x0800031b   Thumb Code     0  startup_stm32f303x8.o(.text)
    TIM1_UP_TIM16_IRQHandler                 0x0800031b   Thumb Code     0  startup_stm32f303x8.o(.text)
    TIM2_IRQHandler                          0x0800031b   Thumb Code     0  startup_stm32f303x8.o(.text)
    TIM3_IRQHandler                          0x0800031b   Thumb Code     0  startup_stm32f303x8.o(.text)
    TIM6_DAC1_IRQHandler                     0x0800031b   Thumb Code     0  startup_stm32f303x8.o(.text)
    TIM7_DAC2_IRQHandler                     0x0800031b   Thumb Code     0  startup_stm32f303x8.o(.text)
    USART1_IRQHandler                        0x0800031b   Thumb Code     0  startup_stm32f303x8.o(.text)
    USART2_IRQHandler                        0x0800031b   Thumb Code     0  startup_stm32f303x8.o(.text)
    USART3_IRQHandler                        0x0800031b   Thumb Code     0  startup_stm32f303x8.o(.text)
    WWDG_IRQHandler                          0x0800031b   Thumb Code     0  startup_stm32f303x8.o(.text)
    __user_initial_stackheap                 0x0800031d   Thumb Code     0  startup_stm32f303x8.o(.text)
    sprintf                                  0x08000341   Thumb Code    38  sprintf.o(.text)
    strlen                                   0x0800036d   Thumb Code    62  strlen.o(.text)
    __use_two_region_memory                  0x080003ab   Thumb Code     2  heapauxi.o(.text)
    __rt_heap_escrow$2region                 0x080003ad   Thumb Code     2  heapauxi.o(.text)
    __rt_heap_expand$2region                 0x080003af   Thumb Code     2  heapauxi.o(.text)
    _printf_pre_padding                      0x080003b1   Thumb Code    44  _printf_pad.o(.text)
    _printf_post_padding                     0x080003dd   Thumb Code    34  _printf_pad.o(.text)
    _printf_truncate_signed                  0x080003ff   Thumb Code    18  _printf_truncate.o(.text)
    _printf_truncate_unsigned                0x08000411   Thumb Code    18  _printf_truncate.o(.text)
    _printf_str                              0x08000423   Thumb Code    82  _printf_str.o(.text)
    _printf_int_dec                          0x08000475   Thumb Code   104  _printf_dec.o(.text)
    _printf_charcount                        0x080004ed   Thumb Code    40  _printf_charcount.o(.text)
    _printf_char_common                      0x0800051f   Thumb Code    32  _printf_char_common.o(.text)
    _sputc                                   0x08000545   Thumb Code    10  _sputc.o(.text)
    _printf_wctomb                           0x08000551   Thumb Code   182  _printf_wctomb.o(.text)
    _printf_longlong_dec                     0x0800060d   Thumb Code   108  _printf_longlong_dec.o(.text)
    _printf_longlong_oct                     0x08000689   Thumb Code    68  _printf_oct_int_ll.o(.text)
    _printf_int_oct                          0x080006cd   Thumb Code    24  _printf_oct_int_ll.o(.text)
    _printf_ll_oct                           0x080006e5   Thumb Code    12  _printf_oct_int_ll.o(.text)
    _printf_longlong_hex                     0x080006f9   Thumb Code    86  _printf_hex_int_ll_ptr.o(.text)
    _printf_int_hex                          0x0800074f   Thumb Code    28  _printf_hex_int_ll_ptr.o(.text)
    _printf_ll_hex                           0x0800076b   Thumb Code    12  _printf_hex_int_ll_ptr.o(.text)
    _printf_hex_ptr                          0x08000777   Thumb Code    18  _printf_hex_int_ll_ptr.o(.text)
    __printf                                 0x0800078d   Thumb Code   388  __printf_flags_ss_wp.o(.text)
    _ll_udiv10                               0x08000915   Thumb Code   138  lludiv10.o(.text)
    _printf_int_common                       0x0800099f   Thumb Code   178  _printf_intcommon.o(.text)
    _printf_fp_dec_real                      0x08000c01   Thumb Code   620  _printf_fp_dec.o(.text)
    _printf_fp_hex_real                      0x08000e6d   Thumb Code   756  _printf_fp_hex.o(.text)
    _printf_cs_common                        0x08001169   Thumb Code    20  _printf_char.o(.text)
    _printf_char                             0x0800117d   Thumb Code    16  _printf_char.o(.text)
    _printf_string                           0x0800118d   Thumb Code     8  _printf_char.o(.text)
    _printf_lcs_common                       0x08001195   Thumb Code    20  _printf_wchar.o(.text)
    _printf_wchar                            0x080011a9   Thumb Code    16  _printf_wchar.o(.text)
    _printf_wstring                          0x080011b9   Thumb Code     8  _printf_wchar.o(.text)
    _c16rtomb                                0x080011c1   Thumb Code    72  _c16rtomb.o(.text)
    _wcrtomb                                 0x080011c1   Thumb Code     0  _c16rtomb.o(.text)
    __user_setup_stackheap                   0x08001209   Thumb Code    74  sys_stackheap_outer.o(.text)
    __rt_ctype_table                         0x08001255   Thumb Code    16  rt_ctype_table.o(.text)
    __rt_locale                              0x08001265   Thumb Code     8  rt_locale_intlibspace.o(.text)
    _printf_fp_infnan                        0x0800126d   Thumb Code   112  _printf_fp_infnan.o(.text)
    _btod_etento                             0x080012ed   Thumb Code   224  bigflt0.o(.text)
    exit                                     0x080013d1   Thumb Code    18  exit.o(.text)
    __user_libspace                          0x080013e5   Thumb Code     8  libspace.o(.text)
    __user_perproc_libspace                  0x080013e5   Thumb Code     0  libspace.o(.text)
    __user_perthread_libspace                0x080013e5   Thumb Code     0  libspace.o(.text)
    strcmp                                   0x080013f1   Thumb Code   124  strcmpv7em.o(.text)
    _sys_exit                                0x0800146d   Thumb Code     8  sys_exit.o(.text)
    __I$use$semihosting                      0x08001479   Thumb Code     0  use_no_semi.o(.text)
    __use_no_semihosting_swi                 0x08001479   Thumb Code     2  use_no_semi.o(.text)
    __semihosting_library_function           0x0800147b   Thumb Code     0  indicate_semi.o(.text)
    ADC_Init                                 0x0800147d   Thumb Code   100  adc.o(.text.ADC_Init)
    PLL_Config                               0x080014e1   Thumb Code   154  pll config stmf3.o(.text.PLL_Config)
    SysTick_Handler                          0x080015d1   Thumb Code    16  systick_delay.o(.text.SysTick_Handler)
    SysTick_Init                             0x080015e1   Thumb Code    50  systick_delay.o(.text.SysTick_Init)
    SystemCoreClockUpdate                    0x08001615   Thumb Code   272  system_stm32f3xx.o(.text.SystemCoreClockUpdate)
    SystemInit                               0x08001725   Thumb Code   150  system_stm32f3xx.o(.text.SystemInit)
    average                                  0x08001801   Thumb Code    78  main.o(.text.average)
    delay_nms                                0x08001851   Thumb Code    64  systick_delay.o(.text.delay_nms)
    init_led                                 0x08001891   Thumb Code    42  leds.o(.text.init_led)
    init_pwm                                 0x080018bd   Thumb Code   220  pwm.o(.text.init_pwm)
    init_usart                               0x08001999   Thumb Code   138  usart.o(.text.init_usart)
    main                                     0x08001a25   Thumb Code   816  main.o(.text.main)
    output_pwm                               0x08001d6d   Thumb Code   116  pwm.o(.text.output_pwm)
    print_terminal                           0x08001de5   Thumb Code    66  usart.o(.text.print_terminal)
    read_adc                                 0x08001e29   Thumb Code    68  adc.o(.text.read_adc)
    send_usart                               0x08001e6d   Thumb Code    46  usart.o(.text.send_usart)
    _btod_d2e                                0x08001e9b   Thumb Code    62  btod.o(CL$$btod_d2e)
    _d2e_denorm_low                          0x08001ed9   Thumb Code    70  btod.o(CL$$btod_d2e_denorm_low)
    _d2e_norm_op1                            0x08001f1f   Thumb Code    96  btod.o(CL$$btod_d2e_norm_op1)
    __btod_div_common                        0x08001f81   Thumb Code   696  btod.o(CL$$btod_div_common)
    _e2e                                     0x080022b9   Thumb Code   220  btod.o(CL$$btod_e2e)
    _btod_ediv                               0x08002395   Thumb Code    42  btod.o(CL$$btod_ediv)
    _btod_emul                               0x080023bf   Thumb Code    42  btod.o(CL$$btod_emul)
    __btod_mult_common                       0x080023e9   Thumb Code   580  btod.o(CL$$btod_mult_common)
    __ARM_fpclassify                         0x0800262d   Thumb Code    48  fpclassify.o(i.__ARM_fpclassify)
    _is_digit                                0x0800265d   Thumb Code    14  __printf_wp.o(i._is_digit)
    _get_lc_numeric                          0x0800266d   Thumb Code    44  lc_numeric_c.o(locale$$code)
    _get_lc_ctype                            0x08002699   Thumb Code    44  lc_ctype_c.o(locale$$code)
    __fpl_dretinf                            0x080026c5   Thumb Code    12  dretinf.o(x$fpl$dretinf)
    __aeabi_f2d                              0x080026d1   Thumb Code     0  f2d.o(x$fpl$f2d)
    _f2d                                     0x080026d1   Thumb Code    86  f2d.o(x$fpl$f2d)
    __fpl_fnaninf                            0x08002727   Thumb Code   140  fnaninf.o(x$fpl$fnaninf)
    _fp_init                                 0x080027b3   Thumb Code    26  fpinit.o(x$fpl$fpinit)
    __fplib_config_fpu_vfp                   0x080027cb   Thumb Code     0  fpinit.o(x$fpl$fpinit)
    __fplib_config_pureend_doubles           0x080027cb   Thumb Code     0  fpinit.o(x$fpl$fpinit)
    _printf_fp_dec                           0x080027cd   Thumb Code     4  printf1.o(x$fpl$printf1)
    _printf_fp_hex                           0x080027d1   Thumb Code     4  printf2.o(x$fpl$printf2)
    __I$use$fp                               0x080027d4   Number         0  usenofp.o(x$fpl$usenofp)
    AHBPrescTable                            0x080028d0   Data          16  system_stm32f3xx.o(.rodata.AHBPrescTable)
    Region$$Table$$Base                      0x08002954   Number         0  anon$$obj.o(Region$$Table)
    Region$$Table$$Limit                     0x08002974   Number         0  anon$$obj.o(Region$$Table)
    __ctype                                  0x0800299d   Data           0  lc_ctype_c.o(locale$$data)
    SystemCoreClock                          0x20000000   Data           4  system_stm32f3xx.o(.data.SystemCoreClock)
    __libspace_start                         0x20000008   Data          96  libspace.o(.bss)
    Iin_samples                              0x20000068   Data        1200  main.o(.bss.Iin_samples)
    __temporary_stack_top$libspace           0x20000068   Data           0  libspace.o(.bss)
    PWM_MAX                                  0x20000518   Data           2  pwm.o(.bss.PWM_MAX)
    Vin_samples                              0x2000051c   Data        1200  main.o(.bss.Vin_samples)
    ms_counter                               0x200009cc   Data           4  systick_delay.o(.bss.ms_counter)
    sample_index                             0x200009d0   Data           4  main.o(.bss.sample_index)



==============================================================================

Memory Map of the image

  Image Entry point : 0x08000301

  Load Region LR_1 (Base: 0x08000000, Size: 0x00002aa4, Max: 0xffffffff, ABSOLUTE)

    Execution Region ER_RO (Exec base: 0x08000000, Load base: 0x08000000, Size: 0x00002aa0, Max: 0xffffffff, ABSOLUTE)

    Exec Addr    Load Addr    Size         Type   Attr      Idx    E Section Name        Object

    0x08000000   0x08000000   0x00000188   Data   RO           91    RESET               startup_stm32f303x8.o
    0x08000188   0x08000188   0x00000008   Code   RO          120  * !!!main             c_w.l(__main.o)
    0x08000190   0x08000190   0x0000005c   Code   RO          463    !!!scatter          c_w.l(__scatter.o)
    0x080001ec   0x080001ec   0x0000001a   Code   RO          467    !!handler_copy      c_w.l(__scatter_copy.o)
    0x08000206   0x08000206   0x00000002   PAD
    0x08000208   0x08000208   0x00000002   Code   RO          464    !!handler_null      c_w.l(__scatter.o)
    0x0800020a   0x0800020a   0x00000002   PAD
    0x0800020c   0x0800020c   0x0000001c   Code   RO          469    !!handler_zi        c_w.l(__scatter_zi.o)
    0x08000228   0x08000228   0x00000000   Code   RO          206    .ARM.Collect$$_printf_percent$$00000000  c_w.l(_printf_percent.o)
    0x08000228   0x08000228   0x00000006   Code   RO          195    .ARM.Collect$$_printf_percent$$00000001  c_w.l(_printf_n.o)
    0x0800022e   0x0800022e   0x00000006   Code   RO          197    .ARM.Collect$$_printf_percent$$00000002  c_w.l(_printf_p.o)
    0x08000234   0x08000234   0x00000006   Code   RO          202    .ARM.Collect$$_printf_percent$$00000003  c_w.l(_printf_f.o)
    0x0800023a   0x0800023a   0x00000006   Code   RO          203    .ARM.Collect$$_printf_percent$$00000004  c_w.l(_printf_e.o)
    0x08000240   0x08000240   0x00000006   Code   RO          204    .ARM.Collect$$_printf_percent$$00000005  c_w.l(_printf_g.o)
    0x08000246   0x08000246   0x00000006   Code   RO          205    .ARM.Collect$$_printf_percent$$00000006  c_w.l(_printf_a.o)
    0x0800024c   0x0800024c   0x0000000a   Code   RO          210    .ARM.Collect$$_printf_percent$$00000007  c_w.l(_printf_ll.o)
    0x08000256   0x08000256   0x00000006   Code   RO          199    .ARM.Collect$$_printf_percent$$00000008  c_w.l(_printf_i.o)
    0x0800025c   0x0800025c   0x00000006   Code   RO          200    .ARM.Collect$$_printf_percent$$00000009  c_w.l(_printf_d.o)
    0x08000262   0x08000262   0x00000006   Code   RO          201    .ARM.Collect$$_printf_percent$$0000000A  c_w.l(_printf_u.o)
    0x08000268   0x08000268   0x00000006   Code   RO          198    .ARM.Collect$$_printf_percent$$0000000B  c_w.l(_printf_o.o)
    0x0800026e   0x0800026e   0x00000006   Code   RO          196    .ARM.Collect$$_printf_percent$$0000000C  c_w.l(_printf_x.o)
    0x08000274   0x08000274   0x00000006   Code   RO          207    .ARM.Collect$$_printf_percent$$0000000D  c_w.l(_printf_lli.o)
    0x0800027a   0x0800027a   0x00000006   Code   RO          208    .ARM.Collect$$_printf_percent$$0000000E  c_w.l(_printf_lld.o)
    0x08000280   0x08000280   0x00000006   Code   RO          209    .ARM.Collect$$_printf_percent$$0000000F  c_w.l(_printf_llu.o)
    0x08000286   0x08000286   0x00000006   Code   RO          214    .ARM.Collect$$_printf_percent$$00000010  c_w.l(_printf_llo.o)
    0x0800028c   0x0800028c   0x00000006   Code   RO          215    .ARM.Collect$$_printf_percent$$00000011  c_w.l(_printf_llx.o)
    0x08000292   0x08000292   0x0000000a   Code   RO          211    .ARM.Collect$$_printf_percent$$00000012  c_w.l(_printf_l.o)
    0x0800029c   0x0800029c   0x00000006   Code   RO          193    .ARM.Collect$$_printf_percent$$00000013  c_w.l(_printf_c.o)
    0x080002a2   0x080002a2   0x00000006   Code   RO          194    .ARM.Collect$$_printf_percent$$00000014  c_w.l(_printf_s.o)
    0x080002a8   0x080002a8   0x00000006   Code   RO          212    .ARM.Collect$$_printf_percent$$00000015  c_w.l(_printf_lc.o)
    0x080002ae   0x080002ae   0x00000006   Code   RO          213    .ARM.Collect$$_printf_percent$$00000016  c_w.l(_printf_ls.o)
    0x080002b4   0x080002b4   0x00000004   Code   RO          261    .ARM.Collect$$_printf_percent$$00000017  c_w.l(_printf_percent_end.o)
    0x080002b8   0x080002b8   0x00000002   Code   RO          312    .ARM.Collect$$libinit$$00000000  c_w.l(libinit.o)
    0x080002ba   0x080002ba   0x00000004   Code   RO          329    .ARM.Collect$$libinit$$00000001  c_w.l(libinit2.o)
    0x080002be   0x080002be   0x00000000   Code   RO          332    .ARM.Collect$$libinit$$00000004  c_w.l(libinit2.o)
    0x080002be   0x080002be   0x00000000   Code   RO          334    .ARM.Collect$$libinit$$00000006  c_w.l(libinit2.o)
    0x080002be   0x080002be   0x00000000   Code   RO          337    .ARM.Collect$$libinit$$0000000C  c_w.l(libinit2.o)
    0x080002be   0x080002be   0x00000000   Code   RO          339    .ARM.Collect$$libinit$$0000000E  c_w.l(libinit2.o)
    0x080002be   0x080002be   0x00000000   Code   RO          341    .ARM.Collect$$libinit$$00000010  c_w.l(libinit2.o)
    0x080002be   0x080002be   0x00000006   Code   RO          342    .ARM.Collect$$libinit$$00000011  c_w.l(libinit2.o)
    0x080002c4   0x080002c4   0x00000000   Code   RO          344    .ARM.Collect$$libinit$$00000013  c_w.l(libinit2.o)
    0x080002c4   0x080002c4   0x0000000c   Code   RO          345    .ARM.Collect$$libinit$$00000014  c_w.l(libinit2.o)
    0x080002d0   0x080002d0   0x00000000   Code   RO          346    .ARM.Collect$$libinit$$00000015  c_w.l(libinit2.o)
    0x080002d0   0x080002d0   0x00000000   Code   RO          348    .ARM.Collect$$libinit$$00000017  c_w.l(libinit2.o)
    0x080002d0   0x080002d0   0x0000000a   Code   RO          349    .ARM.Collect$$libinit$$00000018  c_w.l(libinit2.o)
    0x080002da   0x080002da   0x00000000   Code   RO          350    .ARM.Collect$$libinit$$00000019  c_w.l(libinit2.o)
    0x080002da   0x080002da   0x00000000   Code   RO          352    .ARM.Collect$$libinit$$0000001B  c_w.l(libinit2.o)
    0x080002da   0x080002da   0x00000000   Code   RO          354    .ARM.Collect$$libinit$$0000001D  c_w.l(libinit2.o)
    0x080002da   0x080002da   0x00000000   Code   RO          356    .ARM.Collect$$libinit$$0000001F  c_w.l(libinit2.o)
    0x080002da   0x080002da   0x00000000   Code   RO          358    .ARM.Collect$$libinit$$00000021  c_w.l(libinit2.o)
    0x080002da   0x080002da   0x00000000   Code   RO          360    .ARM.Collect$$libinit$$00000023  c_w.l(libinit2.o)
    0x080002da   0x080002da   0x00000000   Code   RO          362    .ARM.Collect$$libinit$$00000025  c_w.l(libinit2.o)
    0x080002da   0x080002da   0x00000000   Code   RO          364    .ARM.Collect$$libinit$$00000027  c_w.l(libinit2.o)
    0x080002da   0x080002da   0x00000000   Code   RO          368    .ARM.Collect$$libinit$$0000002E  c_w.l(libinit2.o)
    0x080002da   0x080002da   0x00000000   Code   RO          370    .ARM.Collect$$libinit$$00000030  c_w.l(libinit2.o)
    0x080002da   0x080002da   0x00000000   Code   RO          372    .ARM.Collect$$libinit$$00000032  c_w.l(libinit2.o)
    0x080002da   0x080002da   0x00000000   Code   RO          374    .ARM.Collect$$libinit$$00000034  c_w.l(libinit2.o)
    0x080002da   0x080002da   0x00000002   Code   RO          375    .ARM.Collect$$libinit$$00000035  c_w.l(libinit2.o)
    0x080002dc   0x080002dc   0x00000002   Code   RO          399    .ARM.Collect$$libshutdown$$00000000  c_w.l(libshutdown.o)
    0x080002de   0x080002de   0x00000000   Code   RO          414    .ARM.Collect$$libshutdown$$00000002  c_w.l(libshutdown2.o)
    0x080002de   0x080002de   0x00000000   Code   RO          416    .ARM.Collect$$libshutdown$$00000004  c_w.l(libshutdown2.o)
    0x080002de   0x080002de   0x00000000   Code   RO          419    .ARM.Collect$$libshutdown$$00000007  c_w.l(libshutdown2.o)
    0x080002de   0x080002de   0x00000000   Code   RO          422    .ARM.Collect$$libshutdown$$0000000A  c_w.l(libshutdown2.o)
    0x080002de   0x080002de   0x00000000   Code   RO          424    .ARM.Collect$$libshutdown$$0000000C  c_w.l(libshutdown2.o)
    0x080002de   0x080002de   0x00000000   Code   RO          427    .ARM.Collect$$libshutdown$$0000000F  c_w.l(libshutdown2.o)
    0x080002de   0x080002de   0x00000002   Code   RO          428    .ARM.Collect$$libshutdown$$00000010  c_w.l(libshutdown2.o)
    0x080002e0   0x080002e0   0x00000000   Code   RO          124    .ARM.Collect$$rtentry$$00000000  c_w.l(__rtentry.o)
    0x080002e0   0x080002e0   0x00000000   Code   RO          230    .ARM.Collect$$rtentry$$00000002  c_w.l(__rtentry2.o)
    0x080002e0   0x080002e0   0x00000006   Code   RO          242    .ARM.Collect$$rtentry$$00000004  c_w.l(__rtentry4.o)
    0x080002e6   0x080002e6   0x00000000   Code   RO          232    .ARM.Collect$$rtentry$$00000009  c_w.l(__rtentry2.o)
    0x080002e6   0x080002e6   0x00000004   Code   RO          233    .ARM.Collect$$rtentry$$0000000A  c_w.l(__rtentry2.o)
    0x080002ea   0x080002ea   0x00000000   Code   RO          235    .ARM.Collect$$rtentry$$0000000C  c_w.l(__rtentry2.o)
    0x080002ea   0x080002ea   0x00000008   Code   RO          236    .ARM.Collect$$rtentry$$0000000D  c_w.l(__rtentry2.o)
    0x080002f2   0x080002f2   0x00000002   Code   RO          320    .ARM.Collect$$rtexit$$00000000  c_w.l(rtexit.o)
    0x080002f4   0x080002f4   0x00000000   Code   RO          377    .ARM.Collect$$rtexit$$00000002  c_w.l(rtexit2.o)
    0x080002f4   0x080002f4   0x00000004   Code   RO          378    .ARM.Collect$$rtexit$$00000003  c_w.l(rtexit2.o)
    0x080002f8   0x080002f8   0x00000006   Code   RO          379    .ARM.Collect$$rtexit$$00000004  c_w.l(rtexit2.o)
    0x080002fe   0x080002fe   0x00000002   PAD
    0x08000300   0x08000300   0x00000040   Code   RO           92  * .text               startup_stm32f303x8.o
    0x08000340   0x08000340   0x0000002c   Code   RO          114    .text               c_w.l(sprintf.o)
    0x0800036c   0x0800036c   0x0000003e   Code   RO          116    .text               c_w.l(strlen.o)
    0x080003aa   0x080003aa   0x00000006   Code   RO          118    .text               c_w.l(heapauxi.o)
    0x080003b0   0x080003b0   0x0000004e   Code   RO          127    .text               c_w.l(_printf_pad.o)
    0x080003fe   0x080003fe   0x00000024   Code   RO          129    .text               c_w.l(_printf_truncate.o)
    0x08000422   0x08000422   0x00000052   Code   RO          131    .text               c_w.l(_printf_str.o)
    0x08000474   0x08000474   0x00000078   Code   RO          133    .text               c_w.l(_printf_dec.o)
    0x080004ec   0x080004ec   0x00000028   Code   RO          135    .text               c_w.l(_printf_charcount.o)
    0x08000514   0x08000514   0x00000030   Code   RO          137    .text               c_w.l(_printf_char_common.o)
    0x08000544   0x08000544   0x0000000a   Code   RO          139    .text               c_w.l(_sputc.o)
    0x0800054e   0x0800054e   0x00000002   PAD
    0x08000550   0x08000550   0x000000bc   Code   RO          141    .text               c_w.l(_printf_wctomb.o)
    0x0800060c   0x0800060c   0x0000007c   Code   RO          144    .text               c_w.l(_printf_longlong_dec.o)
    0x08000688   0x08000688   0x00000070   Code   RO          150    .text               c_w.l(_printf_oct_int_ll.o)
    0x080006f8   0x080006f8   0x00000094   Code   RO          170    .text               c_w.l(_printf_hex_int_ll_ptr.o)
    0x0800078c   0x0800078c   0x00000188   Code   RO          190    .text               c_w.l(__printf_flags_ss_wp.o)
    0x08000914   0x08000914   0x0000008a   Code   RO          244    .text               c_w.l(lludiv10.o)
    0x0800099e   0x0800099e   0x000000b2   Code   RO          246    .text               c_w.l(_printf_intcommon.o)
    0x08000a50   0x08000a50   0x0000041c   Code   RO          248    .text               c_w.l(_printf_fp_dec.o)
    0x08000e6c   0x08000e6c   0x000002fc   Code   RO          252    .text               c_w.l(_printf_fp_hex.o)
    0x08001168   0x08001168   0x0000002c   Code   RO          257    .text               c_w.l(_printf_char.o)
    0x08001194   0x08001194   0x0000002c   Code   RO          259    .text               c_w.l(_printf_wchar.o)
    0x080011c0   0x080011c0   0x00000048   Code   RO          262    .text               c_w.l(_c16rtomb.o)
    0x08001208   0x08001208   0x0000004a   Code   RO          264    .text               c_w.l(sys_stackheap_outer.o)
    0x08001252   0x08001252   0x00000002   PAD
    0x08001254   0x08001254   0x00000010   Code   RO          266    .text               c_w.l(rt_ctype_table.o)
    0x08001264   0x08001264   0x00000008   Code   RO          271    .text               c_w.l(rt_locale_intlibspace.o)
    0x0800126c   0x0800126c   0x00000080   Code   RO          273    .text               c_w.l(_printf_fp_infnan.o)
    0x080012ec   0x080012ec   0x000000e4   Code   RO          275    .text               c_w.l(bigflt0.o)
    0x080013d0   0x080013d0   0x00000012   Code   RO          305    .text               c_w.l(exit.o)
    0x080013e2   0x080013e2   0x00000002   PAD
    0x080013e4   0x080013e4   0x00000008   Code   RO          317    .text               c_w.l(libspace.o)
    0x080013ec   0x080013ec   0x00000004   PAD
    0x080013f0   0x080013f0   0x0000007c   Code   RO          327    .text               c_w.l(strcmpv7em.o)
    0x0800146c   0x0800146c   0x0000000c   Code   RO          389    .text               c_w.l(sys_exit.o)
    0x08001478   0x08001478   0x00000002   Code   RO          404    .text               c_w.l(use_no_semi.o)
    0x0800147a   0x0800147a   0x00000000   Code   RO          406    .text               c_w.l(indicate_semi.o)
    0x0800147a   0x0800147a   0x00000002   PAD
    0x0800147c   0x0800147c   0x00000064   Code   RO            2    .text.ADC_Init      adc.o
    0x080014e0   0x080014e0   0x0000009a   Code   RO           38    .text.PLL_Config    pll config stmf3.o
    0x0800157a   0x0800157a   0x00000002   PAD
    0x0800157c   0x0800157c   0x00000052   Code   RO           62    .text.SysTick_Config  systick_delay.o
    0x080015ce   0x080015ce   0x00000002   PAD
    0x080015d0   0x080015d0   0x00000010   Code   RO           68    .text.SysTick_Handler  systick_delay.o
    0x080015e0   0x080015e0   0x00000032   Code   RO           60    .text.SysTick_Init  systick_delay.o
    0x08001612   0x08001612   0x00000002   PAD
    0x08001614   0x08001614   0x00000110   Code   RO          101    .text.SystemCoreClockUpdate  system_stm32f3xx.o
    0x08001724   0x08001724   0x00000096   Code   RO           99    .text.SystemInit    system_stm32f3xx.o
    0x080017ba   0x080017ba   0x00000002   PAD
    0x080017bc   0x080017bc   0x00000042   Code   RO           64    .text.__NVIC_SetPriority  systick_delay.o
    0x080017fe   0x080017fe   0x00000002   PAD
    0x08001800   0x08001800   0x0000004e   Code   RO           21    .text.average       main.o
    0x0800184e   0x0800184e   0x00000002   PAD
    0x08001850   0x08001850   0x00000040   Code   RO           66    .text.delay_nms     systick_delay.o
    0x08001890   0x08001890   0x0000002a   Code   RO           13    .text.init_led      leds.o
    0x080018ba   0x080018ba   0x00000002   PAD
    0x080018bc   0x080018bc   0x000000dc   Code   RO           78    .text.init_pwm      pwm.o
    0x08001998   0x08001998   0x0000008a   Code   RO           46    .text.init_usart    usart.o
    0x08001a22   0x08001a22   0x00000002   PAD
    0x08001a24   0x08001a24   0x00000348   Code   RO           23    .text.main          main.o
    0x08001d6c   0x08001d6c   0x00000078   Code   RO           80    .text.output_pwm    pwm.o
    0x08001de4   0x08001de4   0x00000042   Code   RO           48    .text.print_terminal  usart.o
    0x08001e26   0x08001e26   0x00000002   PAD
    0x08001e28   0x08001e28   0x00000044   Code   RO            4    .text.read_adc      adc.o
    0x08001e6c   0x08001e6c   0x0000002e   Code   RO           50    .text.send_usart    usart.o
    0x08001e9a   0x08001e9a   0x0000003e   Code   RO          278    CL$$btod_d2e        c_w.l(btod.o)
    0x08001ed8   0x08001ed8   0x00000046   Code   RO          280    CL$$btod_d2e_denorm_low  c_w.l(btod.o)
    0x08001f1e   0x08001f1e   0x00000060   Code   RO          279    CL$$btod_d2e_norm_op1  c_w.l(btod.o)
    0x08001f7e   0x08001f7e   0x00000002   PAD
    0x08001f80   0x08001f80   0x00000338   Code   RO          288    CL$$btod_div_common  c_w.l(btod.o)
    0x080022b8   0x080022b8   0x000000dc   Code   RO          285    CL$$btod_e2e        c_w.l(btod.o)
    0x08002394   0x08002394   0x0000002a   Code   RO          282    CL$$btod_ediv       c_w.l(btod.o)
    0x080023be   0x080023be   0x0000002a   Code   RO          281    CL$$btod_emul       c_w.l(btod.o)
    0x080023e8   0x080023e8   0x00000244   Code   RO          287    CL$$btod_mult_common  c_w.l(btod.o)
    0x0800262c   0x0800262c   0x00000030   Code   RO          315    i.__ARM_fpclassify  m_wm.l(fpclassify.o)
    0x0800265c   0x0800265c   0x0000000e   Code   RO          183    i._is_digit         c_w.l(__printf_wp.o)
    0x0800266a   0x0800266a   0x00000002   PAD
    0x0800266c   0x0800266c   0x0000002c   Code   RO          303    locale$$code        c_w.l(lc_numeric_c.o)
    0x08002698   0x08002698   0x0000002c   Code   RO          325    locale$$code        c_w.l(lc_ctype_c.o)
    0x080026c4   0x080026c4   0x0000000c   Code   RO          216    x$fpl$dretinf       fz_wm.l(dretinf.o)
    0x080026d0   0x080026d0   0x00000056   Code   RO          122    x$fpl$f2d           fz_wm.l(f2d.o)
    0x08002726   0x08002726   0x0000008c   Code   RO          218    x$fpl$fnaninf       fz_wm.l(fnaninf.o)
    0x080027b2   0x080027b2   0x0000001a   Code   RO          387    x$fpl$fpinit        fz_wm.l(fpinit.o)
    0x080027cc   0x080027cc   0x00000004   Code   RO          220    x$fpl$printf1       fz_wm.l(printf1.o)
    0x080027d0   0x080027d0   0x00000004   Code   RO          222    x$fpl$printf2       fz_wm.l(printf2.o)
    0x080027d4   0x080027d4   0x00000000   Code   RO          228    x$fpl$usenofp       fz_wm.l(usenofp.o)
    0x080027d4   0x080027d4   0x00000008   Data   RO          142    .constdata          c_w.l(_printf_wctomb.o)
    0x080027dc   0x080027dc   0x00000028   Data   RO          171    .constdata          c_w.l(_printf_hex_int_ll_ptr.o)
    0x08002804   0x08002804   0x00000011   Data   RO          191    .constdata          c_w.l(__printf_flags_ss_wp.o)
    0x08002815   0x08002815   0x00000026   Data   RO          253    .constdata          c_w.l(_printf_fp_hex.o)
    0x0800283b   0x0800283b   0x00000001   PAD
    0x0800283c   0x0800283c   0x00000094   Data   RO          276    .constdata          c_w.l(bigflt0.o)
    0x080028d0   0x080028d0   0x00000010   Data   RO          104    .rodata.AHBPrescTable  system_stm32f3xx.o
    0x080028e0   0x080028e0   0x00000064   Data   RO           29    .rodata.str1.1      main.o
    0x08002944   0x08002944   0x00000010   Data   RO           52    .rodata.str1.1      usart.o
    0x08002954   0x08002954   0x00000020   Data   RO          462    Region$$Table       anon$$obj.o
    0x08002974   0x08002974   0x0000001c   Data   RO          302    locale$$data        c_w.l(lc_numeric_c.o)
    0x08002990   0x08002990   0x00000110   Data   RO          324    locale$$data        c_w.l(lc_ctype_c.o)


    Execution Region ER_RW (Exec base: 0x20000000, Load base: 0x08002aa0, Size: 0x00000004, Max: 0xffffffff, ABSOLUTE)

    Exec Addr    Load Addr    Size         Type   Attr      Idx    E Section Name        Object

    0x20000000   0x08002aa0   0x00000004   Data   RW          103    .data.SystemCoreClock  system_stm32f3xx.o


    Execution Region ER_ZI (Exec base: 0x20000008, Load base: 0x08002aa4, Size: 0x00000fd0, Max: 0xffffffff, ABSOLUTE)

    Exec Addr    Load Addr    Size         Type   Attr      Idx    E Section Name        Object

    0x20000008        -       0x00000060   Zero   RW          318    .bss                c_w.l(libspace.o)
    0x20000068        -       0x000004b0   Zero   RW           27    .bss.Iin_samples    main.o
    0x20000518        -       0x00000002   Zero   RW           82    .bss.PWM_MAX        pwm.o
    0x2000051a   0x08002aa4   0x00000002   PAD
    0x2000051c        -       0x000004b0   Zero   RW           26    .bss.Vin_samples    main.o
    0x200009cc        -       0x00000004   Zero   RW           70    .bss.ms_counter     systick_delay.o
    0x200009d0        -       0x00000004   Zero   RW           28    .bss.sample_index   main.o
    0x200009d4   0x08002aa4   0x00000004   PAD
    0x200009d8        -       0x00000200   Zero   RW           90    HEAP                startup_stm32f303x8.o
    0x20000bd8        -       0x00000400   Zero   RW           89    STACK               startup_stm32f303x8.o


==============================================================================

Image component sizes


      Code (inc. data)   RO Data    RW Data    ZI Data      Debug   Object Name

       168          0          0          0          0       2269   adc.o
        42          0          0          0          0       1255   leds.o
       918         24        100          0       2404       2405   main.o
       154          0          0          0          0       1247   pll config stmf3.o
       340          4          0          0          2       2116   pwm.o
        64         26        392          0       1536        924   startup_stm32f303x8.o
       422          0         16          4          0       2410   system_stm32f3xx.o
       278          0          0          0          4       3848   systick_delay.o
       250          0         16          0          0       2061   usart.o

    ----------------------------------------------------------------------
      2654         54        556          4       3952      18535   Object Totals
         0          0         32          0          0          0   (incl. Generated)
        18          0          0          0          6          0   (incl. Padding)

    ----------------------------------------------------------------------

      Code (inc. data)   RO Data    RW Data    ZI Data      Debug   Library Member Name

         8          0          0          0          0         68   __main.o
       392          4         17          0          0         92   __printf_flags_ss_wp.o
        14          0          0          0          0         68   __printf_wp.o
         0          0          0          0          0          0   __rtentry.o
        12          0          0          0          0          0   __rtentry2.o
         6          0          0          0          0          0   __rtentry4.o
        94          8          0          0          0          0   __scatter.o
        26          0          0          0          0          0   __scatter_copy.o
        28          0          0          0          0          0   __scatter_zi.o
        72          0          0          0          0         96   _c16rtomb.o
         6          0          0          0          0          0   _printf_a.o
         6          0          0          0          0          0   _printf_c.o
        44          0          0          0          0        108   _printf_char.o
        48          6          0          0          0         96   _printf_char_common.o
        40          0          0          0          0         68   _printf_charcount.o
         6          0          0          0          0          0   _printf_d.o
       120         16          0          0          0         92   _printf_dec.o
         6          0          0          0          0          0   _printf_e.o
         6          0          0          0          0          0   _printf_f.o
      1052          0          0          0          0        148   _printf_fp_dec.o
       764          8         38          0          0        100   _printf_fp_hex.o
       128         16          0          0          0         84   _printf_fp_infnan.o
         6          0          0          0          0          0   _printf_g.o
       148          4         40          0          0        160   _printf_hex_int_ll_ptr.o
         6          0          0          0          0          0   _printf_i.o
       178          0          0          0          0         88   _printf_intcommon.o
        10          0          0          0          0          0   _printf_l.o
         6          0          0          0          0          0   _printf_lc.o
        10          0          0          0          0          0   _printf_ll.o
         6          0          0          0          0          0   _printf_lld.o
         6          0          0          0          0          0   _printf_lli.o
         6          0          0          0          0          0   _printf_llo.o
         6          0          0          0          0          0   _printf_llu.o
         6          0          0          0          0          0   _printf_llx.o
       124         16          0          0          0         92   _printf_longlong_dec.o
         6          0          0          0          0          0   _printf_ls.o
         6          0          0          0          0          0   _printf_n.o
         6          0          0          0          0          0   _printf_o.o
       112          8          0          0          0        124   _printf_oct_int_ll.o
         6          0          0          0          0          0   _printf_p.o
        78          0          0          0          0        108   _printf_pad.o
         0          0          0          0          0          0   _printf_percent.o
         4          0          0          0          0          0   _printf_percent_end.o
         6          0          0          0          0          0   _printf_s.o
        82          0          0          0          0         80   _printf_str.o
        36          0          0          0          0         84   _printf_truncate.o
         6          0          0          0          0          0   _printf_u.o
        44          0          0          0          0        108   _printf_wchar.o
       188          6          8          0          0         92   _printf_wctomb.o
         6          0          0          0          0          0   _printf_x.o
        10          0          0          0          0         68   _sputc.o
       228          4        148          0          0         96   bigflt0.o
      1936        128          0          0          0        668   btod.o
        18          0          0          0          0         80   exit.o
         6          0          0          0          0        152   heapauxi.o
         0          0          0          0          0          0   indicate_semi.o
        44         10        272          0          0         76   lc_ctype_c.o
        44         10         28          0          0         76   lc_numeric_c.o
         2          0          0          0          0          0   libinit.o
        34          0          0          0          0          0   libinit2.o
         2          0          0          0          0          0   libshutdown.o
         2          0          0          0          0          0   libshutdown2.o
         8          4          0          0         96         68   libspace.o
       138          0          0          0          0         80   lludiv10.o
        16          4          0          0          0         76   rt_ctype_table.o
         8          4          0          0          0         68   rt_locale_intlibspace.o
         2          0          0          0          0          0   rtexit.o
        10          0          0          0          0          0   rtexit2.o
        44          6          0          0          0         84   sprintf.o
       124          0          0          0          0         88   strcmpv7em.o
        62          0          0          0          0         76   strlen.o
        12          4          0          0          0         68   sys_exit.o
        74          0          0          0          0         80   sys_stackheap_outer.o
         2          0          0          0          0         68   use_no_semi.o
        12          0          0          0          0        116   dretinf.o
        86          4          0          0          0        132   f2d.o
       140          4          0          0          0        132   fnaninf.o
        26          0          0          0          0        116   fpinit.o
         4          0          0          0          0        116   printf1.o
         4          0          0          0          0        116   printf2.o
         0          0          0          0          0          0   usenofp.o
        48          0          0          0          0        124   fpclassify.o

    ----------------------------------------------------------------------
      7150        278        552          0         96       4780   Library Totals
        22          4          1          0          0          0   (incl. Padding)

    ----------------------------------------------------------------------

      Code (inc. data)   RO Data    RW Data    ZI Data      Debug   Library Name

      6808        266        551          0         96       3928   c_w.l
       272          8          0          0          0        728   fz_wm.l
        48          0          0          0          0        124   m_wm.l

    ----------------------------------------------------------------------
      7150        278        552          0         96       4780   Library Totals

    ----------------------------------------------------------------------

==============================================================================


      Code (inc. data)   RO Data    RW Data    ZI Data      Debug   

      9804        332       1108          4       4048      20663   Grand Totals
      9804        332       1108          4       4048      20663   ELF Image Totals
      9804        332       1108          4          0          0   ROM Totals

==============================================================================

    Total RO  Size (Code + RO Data)                10912 (  10.66kB)
    Total RW  Size (RW Data + ZI Data)              4052 (   3.96kB)
    Total ROM Size (Code + RO Data + RW Data)      10916 (  10.66kB)

==============================================================================

